Archive member included to satisfy reference by file (symbol)

C:/ST/STM32CubeIDE_1.16.0/STM32CubeIDE/plugins/com.st.stm32cube.ide.mcu.externaltools.gnu-tools-for-stm32.12.3.rel1.win32_1.0.200.202406191623/tools/bin/../lib/gcc/arm-none-eabi/12.3.1/../../../../arm-none-eabi/lib/thumb/v7e-m+fp/hard\libc_nano.a(libc_a-exit.o)
                              C:/ST/STM32CubeIDE_1.16.0/STM32CubeIDE/plugins/com.st.stm32cube.ide.mcu.externaltools.gnu-tools-for-stm32.12.3.rel1.win32_1.0.200.202406191623/tools/bin/../lib/gcc/arm-none-eabi/12.3.1/../../../../arm-none-eabi/lib/thumb/v7e-m+fp/hard/crt0.o (exit)
C:/ST/STM32CubeIDE_1.16.0/STM32CubeIDE/plugins/com.st.stm32cube.ide.mcu.externaltools.gnu-tools-for-stm32.12.3.rel1.win32_1.0.200.202406191623/tools/bin/../lib/gcc/arm-none-eabi/12.3.1/../../../../arm-none-eabi/lib/thumb/v7e-m+fp/hard\libc_nano.a(libc_a-findfp.o)
                              ./Middlewares/Third_Party/FreeRTOS/Source/tasks.o (__sf)
C:/ST/STM32CubeIDE_1.16.0/STM32CubeIDE/plugins/com.st.stm32cube.ide.mcu.externaltools.gnu-tools-for-stm32.12.3.rel1.win32_1.0.200.202406191623/tools/bin/../lib/gcc/arm-none-eabi/12.3.1/../../../../arm-none-eabi/lib/thumb/v7e-m+fp/hard\libc_nano.a(libc_a-fwalk.o)
                              C:/ST/STM32CubeIDE_1.16.0/STM32CubeIDE/plugins/com.st.stm32cube.ide.mcu.externaltools.gnu-tools-for-stm32.12.3.rel1.win32_1.0.200.202406191623/tools/bin/../lib/gcc/arm-none-eabi/12.3.1/../../../../arm-none-eabi/lib/thumb/v7e-m+fp/hard\libc_nano.a(libc_a-findfp.o) (_fwalk_sglue)
C:/ST/STM32CubeIDE_1.16.0/STM32CubeIDE/plugins/com.st.stm32cube.ide.mcu.externaltools.gnu-tools-for-stm32.12.3.rel1.win32_1.0.200.202406191623/tools/bin/../lib/gcc/arm-none-eabi/12.3.1/../../../../arm-none-eabi/lib/thumb/v7e-m+fp/hard\libc_nano.a(libc_a-sprintf.o)
                              ./Core/Src/main.o (sprintf)
C:/ST/STM32CubeIDE_1.16.0/STM32CubeIDE/plugins/com.st.stm32cube.ide.mcu.externaltools.gnu-tools-for-stm32.12.3.rel1.win32_1.0.200.202406191623/tools/bin/../lib/gcc/arm-none-eabi/12.3.1/../../../../arm-none-eabi/lib/thumb/v7e-m+fp/hard\libc_nano.a(libc_a-stdio.o)
                              C:/ST/STM32CubeIDE_1.16.0/STM32CubeIDE/plugins/com.st.stm32cube.ide.mcu.externaltools.gnu-tools-for-stm32.12.3.rel1.win32_1.0.200.202406191623/tools/bin/../lib/gcc/arm-none-eabi/12.3.1/../../../../arm-none-eabi/lib/thumb/v7e-m+fp/hard\libc_nano.a(libc_a-findfp.o) (__sread)
C:/ST/STM32CubeIDE_1.16.0/STM32CubeIDE/plugins/com.st.stm32cube.ide.mcu.externaltools.gnu-tools-for-stm32.12.3.rel1.win32_1.0.200.202406191623/tools/bin/../lib/gcc/arm-none-eabi/12.3.1/../../../../arm-none-eabi/lib/thumb/v7e-m+fp/hard\libc_nano.a(libc_a-memset.o)
                              C:/ST/STM32CubeIDE_1.16.0/STM32CubeIDE/plugins/com.st.stm32cube.ide.mcu.externaltools.gnu-tools-for-stm32.12.3.rel1.win32_1.0.200.202406191623/tools/bin/../lib/gcc/arm-none-eabi/12.3.1/../../../../arm-none-eabi/lib/thumb/v7e-m+fp/hard/crt0.o (memset)
C:/ST/STM32CubeIDE_1.16.0/STM32CubeIDE/plugins/com.st.stm32cube.ide.mcu.externaltools.gnu-tools-for-stm32.12.3.rel1.win32_1.0.200.202406191623/tools/bin/../lib/gcc/arm-none-eabi/12.3.1/../../../../arm-none-eabi/lib/thumb/v7e-m+fp/hard\libc_nano.a(libc_a-closer.o)
                              C:/ST/STM32CubeIDE_1.16.0/STM32CubeIDE/plugins/com.st.stm32cube.ide.mcu.externaltools.gnu-tools-for-stm32.12.3.rel1.win32_1.0.200.202406191623/tools/bin/../lib/gcc/arm-none-eabi/12.3.1/../../../../arm-none-eabi/lib/thumb/v7e-m+fp/hard\libc_nano.a(libc_a-stdio.o) (_close_r)
C:/ST/STM32CubeIDE_1.16.0/STM32CubeIDE/plugins/com.st.stm32cube.ide.mcu.externaltools.gnu-tools-for-stm32.12.3.rel1.win32_1.0.200.202406191623/tools/bin/../lib/gcc/arm-none-eabi/12.3.1/../../../../arm-none-eabi/lib/thumb/v7e-m+fp/hard\libc_nano.a(libc_a-reent.o)
                              ./Middlewares/Third_Party/FreeRTOS/Source/tasks.o (_reclaim_reent)
C:/ST/STM32CubeIDE_1.16.0/STM32CubeIDE/plugins/com.st.stm32cube.ide.mcu.externaltools.gnu-tools-for-stm32.12.3.rel1.win32_1.0.200.202406191623/tools/bin/../lib/gcc/arm-none-eabi/12.3.1/../../../../arm-none-eabi/lib/thumb/v7e-m+fp/hard\libc_nano.a(libc_a-impure.o)
                              ./Middlewares/Third_Party/FreeRTOS/Source/tasks.o (_impure_ptr)
C:/ST/STM32CubeIDE_1.16.0/STM32CubeIDE/plugins/com.st.stm32cube.ide.mcu.externaltools.gnu-tools-for-stm32.12.3.rel1.win32_1.0.200.202406191623/tools/bin/../lib/gcc/arm-none-eabi/12.3.1/../../../../arm-none-eabi/lib/thumb/v7e-m+fp/hard\libc_nano.a(libc_a-lseekr.o)
                              C:/ST/STM32CubeIDE_1.16.0/STM32CubeIDE/plugins/com.st.stm32cube.ide.mcu.externaltools.gnu-tools-for-stm32.12.3.rel1.win32_1.0.200.202406191623/tools/bin/../lib/gcc/arm-none-eabi/12.3.1/../../../../arm-none-eabi/lib/thumb/v7e-m+fp/hard\libc_nano.a(libc_a-stdio.o) (_lseek_r)
[...]
Memory Configuration

Name             Origin             Length             Attributes
RAM              0x20000000         0x00020000         xrw
FLASH            0x08000000         0x00080000         xr
*default*        0x00000000         0xffffffff

Linker script and memory map

LOAD C:/ST/STM32CubeIDE_1.16.0/STM32CubeIDE/plugins/com.st.stm32cube.ide.mcu.externaltools.gnu-tools-for-stm32.12.3.rel1.win32_1.0.200.202406191623/tools/bin/../lib/gcc/arm-none-eabi/12.3.1/thumb/v7e-m+fp/hard/crti.o
LOAD C:/ST/STM32CubeIDE_1.16.0/STM32CubeIDE/plugins/com.st.stm32cube.ide.mcu.externaltools.gnu-tools-for-stm32.12.3.rel1.win32_1.0.200.202406191623/tools/bin/../lib/gcc/arm-none-eabi/12.3.1/thumb/v7e-m+fp/hard/crtbegin.o
LOAD C:/ST/STM32CubeIDE_1.16.0/STM32CubeIDE/plugins/com.st.stm32cube.ide.mcu.externaltools.gnu-tools-for-stm32.12.3.rel1.win32_1.0.200.202406191623/tools/bin/../lib/gcc/arm-none-eabi/12.3.1/../../../../arm-none-eabi/lib/thumb/v7e-m+fp/hard/crt0.o
LOAD ./Core/Src/freertos.o
LOAD ./Core/Src/main.o
LOAD ./Core/Src/stm32f4xx_hal_msp.o
LOAD ./Core/Src/stm32f4xx_hal_timebase_tim.o
LOAD ./Core/Src/stm32f4xx_it.o
LOAD ./Core/Src/syscalls.o
LOAD ./Core/Src/sysmem.o
LOAD ./Core/Src/system_stm32f4xx.o
LOAD ./Core/Startup/startup_stm32f411retx.o
LOAD ./Core/Tasks/Screen/screen_task.o
LOAD ./Drivers/STM32F4xx_HAL_Driver/Src/stm32f4xx_hal.o
LOAD ./Drivers/STM32F4xx_HAL_Driver/Src/stm32f4xx_hal_cortex.o
LOAD ./Drivers/STM32F4xx_HAL_Driver/Src/stm32f4xx_hal_dma.o
LOAD ./Drivers/STM32F4xx_HAL_Driver/Src/stm32f4xx_hal_dma_ex.o
LOAD ./Drivers/STM32F4xx_HAL_Driver/Src/stm32f4xx_hal_exti.o
LOAD ./Drivers/STM32F4xx_HAL_Driver/Src/stm32f4xx_hal_flash.o
LOAD ./Drivers/STM32F4xx_HAL_Driver/Src/stm32f4xx_hal_flash_ex.o
LOAD ./Drivers/STM32F4xx_HAL_Driver/Src/stm32f4xx_hal_flash_ramfunc.o
LOAD ./Drivers/STM32F4xx_HAL_Driver/Src/stm32f4xx_hal_gpio.o
LOAD ./Drivers/STM32F4xx_HAL_Driver/Src/stm32f4xx_hal_i2c.o
LOAD ./Drivers/STM32F4xx_HAL_Driver/Src/stm32f4xx_hal_i2c_ex.o
LOAD ./Drivers/STM32F4xx_HAL_Driver/Src/stm32f4xx_hal_pcd.o
LOAD ./Drivers/STM32F4xx_HAL_Driver/Src/stm32f4xx_hal_pcd_ex.o
LOAD ./Drivers/STM32F4xx_HAL_Driver/Src/stm32f4xx_hal_pwr.o
LOAD ./Drivers/STM32F4xx_HAL_Driver/Src/stm32f4xx_hal_pwr_ex.o
LOAD ./Drivers/STM32F4xx_HAL_Driver/Src/stm32f4xx_hal_rcc.o
LOAD ./Drivers/STM32F4xx_HAL_Driver/Src/stm32f4xx_hal_rcc_ex.o
LOAD ./Drivers/STM32F4xx_HAL_Driver/Src/stm32f4xx_hal_tim.o
LOAD ./Drivers/STM32F4xx_HAL_Driver/Src/stm32f4xx_hal_tim_ex.o
LOAD ./Drivers/STM32F4xx_HAL_Driver/Src/stm32f4xx_hal_uart.o
LOAD ./Drivers/STM32F4xx_HAL_Driver/Src/stm32f4xx_ll_usb.o
LOAD ./Middlewares/ST/STM32_USB_Device_Library/Class/CDC/Src/usbd_cdc.o
LOAD ./Middlewares/ST/STM32_USB_Device_Library/Core/Src/usbd_core.o
LOAD ./Middlewares/ST/STM32_USB_Device_Library/Core/Src/usbd_ctlreq.o
LOAD ./Middlewares/ST/STM32_USB_Device_Library/Core/Src/usbd_ioreq.o
LOAD ./Middlewares/Third_Party/FreeRTOS/Source/CMSIS_RTOS_V2/cmsis_os2.o
LOAD ./Middlewares/Third_Party/FreeRTOS/Source/croutine.o
LOAD ./Middlewares/Third_Party/FreeRTOS/Source/event_groups.o
LOAD ./Middlewares/Third_Party/FreeRTOS/Source/list.o
LOAD ./Middlewares/Third_Party/FreeRTOS/Source/queue.o
LOAD ./Middlewares/Third_Party/FreeRTOS/Source/stream_buffer.o
LOAD ./Middlewares/Third_Party/FreeRTOS/Source/tasks.o
LOAD ./Middlewares/Third_Party/FreeRTOS/Source/timers.o
LOAD ./Middlewares/Third_Party/FreeRTOS/Source/portable/GCC/ARM_CM4F/port.o
LOAD ./Middlewares/Third_Party/FreeRTOS/Source/portable/MemMang/heap_4.o
LOAD ./USB_DEVICE/App/usb_device.o
LOAD ./USB_DEVICE/App/usbd_cdc_if.o
LOAD ./USB_DEVICE/App/usbd_desc.o
LOAD ./USB_DEVICE/Target/usbd_conf.o
START GROUP
LOAD C:/ST/STM32CubeIDE_1.16.0/STM32CubeIDE/plugins/com.st.stm32cube.ide.mcu.externaltools.gnu-tools-for-stm32.12.3.rel1.win32_1.0.200.202406191623/tools/bin/../lib/gcc/arm-none-eabi/12.3.1/../../../../arm-none-eabi/lib/thumb/v7e-m+fp/hard\libc_nano.a
LOAD C:/ST/STM32CubeIDE_1.16.0/STM32CubeIDE/plugins/com.st.stm32cube.ide.mcu.externaltools.gnu-tools-for-stm32.12.3.rel1.win32_1.0.200.202406191623/tools/bin/../lib/gcc/arm-none-eabi/12.3.1/../../../../arm-none-eabi/lib/thumb/v7e-m+fp/hard\libm.a
END GROUP
START GROUP
LOAD C:/ST/STM32CubeIDE_1.16.0/STM32CubeIDE/plugins/com.st.stm32cube.ide.mcu.externaltools.gnu-tools-for-stm32.12.3.rel1.win32_1.0.200.202406191623/tools/bin/../lib/gcc/arm-none-eabi/12.3.1/thumb/v7e-m+fp/hard\libgcc.a
LOAD C:/ST/STM32CubeIDE_1.16.0/STM32CubeIDE/plugins/com.st.stm32cube.ide.mcu.externaltools.gnu-tools-for-stm32.12.3.rel1.win32_1.0.200.202406191623/tools/bin/../lib/gcc/arm-none-eabi/12.3.1/../../../../arm-none-eabi/lib/thumb/v7e-m+fp/hard\libc_nano.a
END GROUP
START GROUP
LOAD C:/ST/STM32CubeIDE_1.16.0/STM32CubeIDE/plugins/com.st.stm32cube.ide.mcu.externaltools.gnu-tools-for-stm32.12.3.rel1.win32_1.0.200.202406191623/tools/bin/../lib/gcc/arm-none-eabi/12.3.1/thumb/v7e-m+fp/hard\libgcc.a
LOAD C:/ST/STM32CubeIDE_1.16.0/STM32CubeIDE/plugins/com.st.stm32cube.ide.mcu.externaltools.gnu-tools-for-stm32.12.3.rel1.win32_1.0.200.202406191623/tools/bin/../lib/gcc/arm-none-eabi/12.3.1/../../../../arm-none-eabi/lib/thumb/v7e-m+fp/hard\libc_nano.a
LOAD C:/ST/STM32CubeIDE_1.16.0/STM32CubeIDE/plugins/com.st.stm32cube.ide.mcu.externaltools.gnu-tools-for-stm32.12.3.rel1.win32_1.0.200.202406191623/tools/bin/../lib/gcc/arm-none-eabi/12.3.1/../../../../arm-none-eabi/lib/thumb/v7e-m+fp/hard\libnosys.a
END GROUP
START GROUP
LOAD C:/ST/STM32CubeIDE_1.16.0/STM32CubeIDE/plugins/com.st.stm32cube.ide.mcu.externaltools.gnu-tools-for-stm32.12.3.rel1.win32_1.0.200.202406191623/tools/bin/../lib/gcc/arm-none-eabi/12.3.1/thumb/v7e-m+fp/hard\libgcc.a
LOAD C:/ST/STM32CubeIDE_1.16.0/STM32CubeIDE/plugins/com.st.stm32cube.ide.mcu.externaltools.gnu-tools-for-stm32.12.3.rel1.win32_1.0.200.202406191623/tools/bin/../lib/gcc/arm-none-eabi/12.3.1/../../../../arm-none-eabi/lib/thumb/v7e-m+fp/hard\libc_nano.a
LOAD C:/ST/STM32CubeIDE_1.16.0/STM32CubeIDE/plugins/com.st.stm32cube.ide.mcu.externaltools.gnu-tools-for-stm32.12.3.rel1.win32_1.0.200.202406191623/tools/bin/../lib/gcc/arm-none-eabi/12.3.1/../../../../arm-none-eabi/lib/thumb/v7e-m+fp/hard\libnosys.a
END GROUP
LOAD C:/ST/STM32CubeIDE_1.16.0/STM32CubeIDE/plugins/com.st.stm32cube.ide.mcu.externaltools.gnu-tools-for-stm32.12.3.rel1.win32_1.0.200.202406191623/tools/bin/../lib/gcc/arm-none-eabi/12.3.1/thumb/v7e-m+fp/hard/crtend.o
LOAD C:/ST/STM32CubeIDE_1.16.0/STM32CubeIDE/plugins/com.st.stm32cube.ide.mcu.externaltools.gnu-tools-for-stm32.12.3.rel1.win32_1.0.200.202406191623/tools/bin/../lib/gcc/arm-none-eabi/12.3.1/thumb/v7e-m+fp/hard/crtn.o
                0x20020000                        _estack = (ORIGIN (RAM) + LENGTH (RAM))
                0x00000200                        _Min_Heap_Size = 0x200
                0x00000400                        _Min_Stack_Size = 0x400

.isr_vector     0x08000000      0x198
                0x08000000                        . = ALIGN (0x4)
 *(.isr_vector)
 .isr_vector    0x08000000      0x198 ./Core/Startup/startup_stm32f411retx.o
                0x08000000                g_pfnVectors
                0x08000198                        . = ALIGN (0x4)

.text           0x080001a0     0xd130
                0x080001a0                        . = ALIGN (0x4)
 *(.text)
 .text          0x080001a0       0x40 C:/ST/STM32CubeIDE_1.16.0/STM32CubeIDE/plugins/com.st.stm32cube.ide.mcu.externaltools.gnu-tools-for-stm32.12.3.rel1.win32_1.0.200.202406191623/tools/bin/../lib/gcc/arm-none-eabi/12.3.1/thumb/v7e-m+fp/hard/crtbegin.o
 .text          0x080001e0       0xa0 C:/ST/STM32CubeIDE_1.16.0/STM32CubeIDE/plugins/com.st.stm32cube.ide.mcu.externaltools.gnu-tools-for-stm32.12.3.rel1.win32_1.0.200.202406191623/tools/bin/../lib/gcc/arm-none-eabi/12.3.1/../../../../arm-none-eabi/lib/thumb/v7e-m+fp/hard\libc_nano.a(libc_a-memchr.o)
                0x080001e0                memchr
 .text          0x08000280       0x30 C:/ST/STM32CubeIDE_1.16.0/STM32CubeIDE/plugins/com.st.stm32cube.ide.mcu.externaltools.gnu-tools-for-stm32.12.3.rel1.win32_1.0.200.202406191623/tools/bin/../lib/gcc/arm-none-eabi/12.3.1/thumb/v7e-m+fp/hard\libgcc.a(_aeabi_uldivmod.o)
                0x08000280                __aeabi_uldivmod
 .text          0x080002b0      0x2bc C:/ST/STM32CubeIDE_1.16.0/STM32CubeIDE/plugins/com.st.stm32cube.ide.mcu.externaltools.gnu-tools-for-stm32.12.3.rel1.win32_1.0.200.202406191623/tools/bin/../lib/gcc/arm-none-eabi/12.3.1/thumb/v7e-m+fp/hard\libgcc.a(_udivmoddi4.o)
                0x080002b0                __udivmoddi4
 .text          0x0800056c        0x4 C:/ST/STM32CubeIDE_1.16.0/STM32CubeIDE/plugins/com.st.stm32cube.ide.mcu.externaltools.gnu-tools-for-stm32.12.3.rel1.win32_1.0.200.202406191623/tools/bin/../lib/gcc/arm-none-eabi/12.3.1/thumb/v7e-m+fp/hard\libgcc.a(_dvmd_tls.o)
                0x0800056c                __aeabi_idiv0
                0x0800056c                __aeabi_ldiv0
 *(.text*)
 .text.main     0x08000570       0x9c ./Core/Src/main.o
                0x08000570                main
 .text.SystemClock_Config
                0x0800060c       0xd0 ./Core/Src/main.o
                0x0800060c                SystemClock_Config
 .text.MX_I2C1_Init
                0x080006dc       0x5c ./Core/Src/main.o
 .text.MX_USART2_UART_Init
                0x08000738       0x54 ./Core/Src/main.o
 .text.MX_GPIO_Init
                0x0800078c       0xdc ./Core/Src/main.o
 .text.StartDefaultTask
                0x08000868      0x104 ./Core/Src/main.o
                0x08000868                StartDefaultTask
 .text.StartScreenTask
                0x0800096c       0x34 ./Core/Src/main.o
                0x0800096c                StartScreenTask
 .text.HAL_TIM_PeriodElapsedCallback
                0x080009a0       0x24 ./Core/Src/main.o
                0x080009a0                HAL_TIM_PeriodElapsedCallback
 .text.Error_Handler
                0x080009c4        0xc ./Core/Src/main.o
                0x080009c4                Error_Handler
 .text.HAL_MspInit
                0x080009d0       0x58 ./Core/Src/stm32f4xx_hal_msp.o
                0x080009d0                HAL_MspInit
 .text.HAL_I2C_MspInit
                0x08000a28       0x90 ./Core/Src/stm32f4xx_hal_msp.o
                0x08000a28                HAL_I2C_MspInit
 .text.HAL_UART_MspInit
                0x08000ab8       0x90 ./Core/Src/stm32f4xx_hal_msp.o
                0x08000ab8                HAL_UART_MspInit
 .text.HAL_InitTick
                0x08000b48       0xe4 ./Core/Src/stm32f4xx_hal_timebase_tim.o
                0x08000b48                HAL_InitTick
 .text.NMI_Handler
                0x08000c2c        0x8 ./Core/Src/stm32f4xx_it.o
                0x08000c2c                NMI_Handler
 .text.HardFault_Handler
                0x08000c34        0x8 ./Core/Src/stm32f4xx_it.o
                0x08000c34                HardFault_Handler
 .text.MemManage_Handler
                0x08000c3c        0x8 ./Core/Src/stm32f4xx_it.o
                0x08000c3c                MemManage_Handler
 .text.BusFault_Handler
                0x08000c44        0x8 ./Core/Src/stm32f4xx_it.o
                0x08000c44                BusFault_Handler
 .text.UsageFault_Handler
                0x08000c4c        0x8 ./Core/Src/stm32f4xx_it.o
                0x08000c4c                UsageFault_Handler
 .text.DebugMon_Handler
                0x08000c54        0xe ./Core/Src/stm32f4xx_it.o
                0x08000c54                DebugMon_Handler
 *fill*         0x08000c62        0x2 
 .text.TIM1_TRG_COM_TIM11_IRQHandler
                0x08000c64       0x14 ./Core/Src/stm32f4xx_it.o
                0x08000c64                TIM1_TRG_COM_TIM11_IRQHandler
 .text.OTG_FS_IRQHandler
                0x08000c78       0x14 ./Core/Src/stm32f4xx_it.o
                0x08000c78                OTG_FS_IRQHandler
 .text._sbrk    0x08000c8c       0x6c ./Core/Src/sysmem.o
                0x08000c8c                _sbrk
 .text.SystemInit
                0x08000cf8       0x24 ./Core/Src/system_stm32f4xx.o
                0x08000cf8                SystemInit
 .text.Reset_Handler
                0x08000d1c       0x50 ./Core/Startup/startup_stm32f411retx.o
                0x08000d1c                Reset_Handler
 .text.Default_Handler
                0x08000d6c        0x2 ./Core/Startup/startup_stm32f411retx.o
                0x08000d6c                RTC_Alarm_IRQHandler
                0x08000d6c                EXTI2_IRQHandler
                0x08000d6c                SPI4_IRQHandler
                0x08000d6c                TIM1_CC_IRQHandler
                0x08000d6c                DMA2_Stream5_IRQHandler
                0x08000d6c                DMA1_Stream5_IRQHandler
                0x08000d6c                PVD_IRQHandler
                0x08000d6c                SDIO_IRQHandler
                0x08000d6c                TAMP_STAMP_IRQHandler
                0x08000d6c                EXTI3_IRQHandler
                0x08000d6c                TIM1_UP_TIM10_IRQHandler
                0x08000d6c                I2C3_ER_IRQHandler
                0x08000d6c                EXTI0_IRQHandler
                0x08000d6c                I2C2_EV_IRQHandler
                0x08000d6c                DMA1_Stream2_IRQHandler
                0x08000d6c                FPU_IRQHandler
                0x08000d6c                DMA2_Stream2_IRQHandler
                0x08000d6c                SPI1_IRQHandler
                0x08000d6c                TIM1_BRK_TIM9_IRQHandler
                0x08000d6c                DMA2_Stream3_IRQHandler
                0x08000d6c                USART6_IRQHandler
                0x08000d6c                DMA2_Stream0_IRQHandler
                0x08000d6c                TIM4_IRQHandler
                0x08000d6c                I2C1_EV_IRQHandler
                0x08000d6c                DMA1_Stream6_IRQHandler
                0x08000d6c                DMA1_Stream1_IRQHandler
                0x08000d6c                TIM3_IRQHandler
                0x08000d6c                RCC_IRQHandler
                0x08000d6c                Default_Handler
                0x08000d6c                EXTI15_10_IRQHandler
                0x08000d6c                ADC_IRQHandler
                0x08000d6c                DMA1_Stream7_IRQHandler
                0x08000d6c                SPI5_IRQHandler
                0x08000d6c                TIM5_IRQHandler
                0x08000d6c                DMA2_Stream7_IRQHandler
                0x08000d6c                I2C3_EV_IRQHandler
                0x08000d6c                EXTI9_5_IRQHandler
                0x08000d6c                RTC_WKUP_IRQHandler
                0x08000d6c                SPI2_IRQHandler
                0x08000d6c                DMA1_Stream0_IRQHandler
                0x08000d6c                EXTI4_IRQHandler
                0x08000d6c                WWDG_IRQHandler
                0x08000d6c                TIM2_IRQHandler
                0x08000d6c                OTG_FS_WKUP_IRQHandler
                0x08000d6c                EXTI1_IRQHandler
                0x08000d6c                USART2_IRQHandler
                0x08000d6c                I2C2_ER_IRQHandler
                0x08000d6c                DMA2_Stream1_IRQHandler
                0x08000d6c                FLASH_IRQHandler
                0x08000d6c                DMA2_Stream4_IRQHandler
                0x08000d6c                USART1_IRQHandler
                0x08000d6c                SPI3_IRQHandler
                0x08000d6c                DMA1_Stream4_IRQHandler
                0x08000d6c                I2C1_ER_IRQHandler
                0x08000d6c                DMA2_Stream6_IRQHandler
                0x08000d6c                DMA1_Stream3_IRQHandler
 *fill*         0x08000d6e        0x2 
 .text.SendCommand4BitFrame
                0x08000d70       0xa8 ./Core/Tasks/Screen/screen_task.o
 .text.SendData4BitFrame
                0x08000e18       0x8c ./Core/Tasks/Screen/screen_task.o
 .text.LcdInit  0x08000ea4       0x84 ./Core/Tasks/Screen/screen_task.o
 .text.LcdSendString
                0x08000f28       0x38 ./Core/Tasks/Screen/screen_task.o
 .text.LcdSetCursr
                0x08000f60       0x3e ./Core/Tasks/Screen/screen_task.o
 *fill*         0x08000f9e        0x2 
 .text.UpdateLcd
                0x08000fa0       0x2c ./Core/Tasks/Screen/screen_task.o
 .text.TASK_SCREEN_Init
                0x08000fcc       0x38 ./Core/Tasks/Screen/screen_task.o
                0x08000fcc                TASK_SCREEN_Init
 .text.TASK_SCREEN_Run
                0x08001004       0x6c ./Core/Tasks/Screen/screen_task.o
                0x08001004                TASK_SCREEN_Run
 .text.TASK_SCREEN_UpdateScreen
                0x08001070       0x6c ./Core/Tasks/Screen/screen_task.o
                0x08001070                TASK_SCREEN_UpdateScreen
 .text.HAL_Init
                0x080010dc       0x44 ./Drivers/STM32F4xx_HAL_Driver/Src/stm32f4xx_hal.o
                0x080010dc                HAL_Init
 .text.HAL_IncTick
                0x08001120       0x28 ./Drivers/STM32F4xx_HAL_Driver/Src/stm32f4xx_hal.o
                0x08001120                HAL_IncTick
 .text.HAL_GetTick
                0x08001148       0x18 ./Drivers/STM32F4xx_HAL_Driver/Src/stm32f4xx_hal.o
                0x08001148                HAL_GetTick
 .text.HAL_Delay
                0x08001160       0x48 ./Drivers/STM32F4xx_HAL_Driver/Src/stm32f4xx_hal.o
                0x08001160                HAL_Delay
 .text.__NVIC_SetPriorityGrouping
                0x080011a8       0x48 ./Drivers/STM32F4xx_HAL_Driver/Src/stm32f4xx_hal_cortex.o
 .text.__NVIC_GetPriorityGrouping
                0x080011f0       0x1c ./Drivers/STM32F4xx_HAL_Driver/Src/stm32f4xx_hal_cortex.o
 .text.__NVIC_EnableIRQ
                0x0800120c       0x3c ./Drivers/STM32F4xx_HAL_Driver/Src/stm32f4xx_hal_cortex.o
 .text.__NVIC_SetPriority
                0x08001248       0x54 ./Drivers/STM32F4xx_HAL_Driver/Src/stm32f4xx_hal_cortex.o
 .text.NVIC_EncodePriority
                0x0800129c       0x66 ./Drivers/STM32F4xx_HAL_Driver/Src/stm32f4xx_hal_cortex.o
 .text.HAL_NVIC_SetPriorityGrouping
                0x08001302       0x16 ./Drivers/STM32F4xx_HAL_Driver/Src/stm32f4xx_hal_cortex.o
                0x08001302                HAL_NVIC_SetPriorityGrouping
 .text.HAL_NVIC_SetPriority
                0x08001318       0x38 ./Drivers/STM32F4xx_HAL_Driver/Src/stm32f4xx_hal_cortex.o
                0x08001318                HAL_NVIC_SetPriority
 .text.HAL_NVIC_EnableIRQ
                0x08001350       0x1c ./Drivers/STM32F4xx_HAL_Driver/Src/stm32f4xx_hal_cortex.o
                0x08001350                HAL_NVIC_EnableIRQ
 .text.HAL_GPIO_Init
                0x0800136c      0x308 ./Drivers/STM32F4xx_HAL_Driver/Src/stm32f4xx_hal_gpio.o
                0x0800136c                HAL_GPIO_Init
 .text.HAL_GPIO_ReadPin
                0x08001674       0x30 ./Drivers/STM32F4xx_HAL_Driver/Src/stm32f4xx_hal_gpio.o
                0x08001674                HAL_GPIO_ReadPin
 .text.HAL_GPIO_WritePin
                0x080016a4       0x32 ./Drivers/STM32F4xx_HAL_Driver/Src/stm32f4xx_hal_gpio.o
                0x080016a4                HAL_GPIO_WritePin
 *fill*         0x080016d6        0x2 
 .text.HAL_I2C_Init
                0x080016d8      0x288 ./Drivers/STM32F4xx_HAL_Driver/Src/stm32f4xx_hal_i2c.o
                0x080016d8                HAL_I2C_Init
 .text.HAL_I2C_Master_Transmit
                0x08001960      0x1fc ./Drivers/STM32F4xx_HAL_Driver/Src/stm32f4xx_hal_i2c.o
                0x08001960                HAL_I2C_Master_Transmit
 .text.I2C_MasterRequestWrite
                0x08001b5c      0x104 ./Drivers/STM32F4xx_HAL_Driver/Src/stm32f4xx_hal_i2c.o
 .text.I2C_WaitOnFlagUntilTimeout
                0x08001c60       0xf4 ./Drivers/STM32F4xx_HAL_Driver/Src/stm32f4xx_hal_i2c.o
 .text.I2C_WaitOnMasterAddressFlagUntilTimeout
                0x08001d54      0x140 ./Drivers/STM32F4xx_HAL_Driver/Src/stm32f4xx_hal_i2c.o
 .text.I2C_WaitOnTXEFlagUntilTimeout
                0x08001e94       0x90 ./Drivers/STM32F4xx_HAL_Driver/Src/stm32f4xx_hal_i2c.o
 .text.I2C_WaitOnBTFFlagUntilTimeout
                0x08001f24       0x90 ./Drivers/STM32F4xx_HAL_Driver/Src/stm32f4xx_hal_i2c.o
 .text.I2C_IsAcknowledgeFailed
                0x08001fb4       0x5e ./Drivers/STM32F4xx_HAL_Driver/Src/stm32f4xx_hal_i2c.o
 .text.HAL_PCD_Init
                0x08002012      0x21e ./Drivers/STM32F4xx_HAL_Driver/Src/stm32f4xx_hal_pcd.o
                0x08002012                HAL_PCD_Init
 .text.HAL_PCD_Start
                0x08002230       0x6a ./Drivers/STM32F4xx_HAL_Driver/Src/stm32f4xx_hal_pcd.o
                0x08002230                HAL_PCD_Start
 .text.HAL_PCD_IRQHandler
                0x0800229a      0x942 ./Drivers/STM32F4xx_HAL_Driver/Src/stm32f4xx_hal_pcd.o
                0x0800229a                HAL_PCD_IRQHandler
 .text.HAL_PCD_SetAddress
                0x08002bdc       0x48 ./Drivers/STM32F4xx_HAL_Driver/Src/stm32f4xx_hal_pcd.o
                0x08002bdc                HAL_PCD_SetAddress
 .text.HAL_PCD_EP_Open
                0x08002c24       0xd4 ./Drivers/STM32F4xx_HAL_Driver/Src/stm32f4xx_hal_pcd.o
                0x08002c24                HAL_PCD_EP_Open
 .text.HAL_PCD_EP_Close
                0x08002cf8       0x94 ./Drivers/STM32F4xx_HAL_Driver/Src/stm32f4xx_hal_pcd.o
                0x08002cf8                HAL_PCD_EP_Close
 .text.HAL_PCD_EP_Receive
                0x08002d8c       0x76 ./Drivers/STM32F4xx_HAL_Driver/Src/stm32f4xx_hal_pcd.o
                0x08002d8c                HAL_PCD_EP_Receive
 .text.HAL_PCD_EP_GetRxCount
                0x08002e02       0x30 ./Drivers/STM32F4xx_HAL_Driver/Src/stm32f4xx_hal_pcd.o
                0x08002e02                HAL_PCD_EP_GetRxCount
 .text.HAL_PCD_EP_Transmit
                0x08002e32       0x74 ./Drivers/STM32F4xx_HAL_Driver/Src/stm32f4xx_hal_pcd.o
                0x08002e32                HAL_PCD_EP_Transmit
 .text.HAL_PCD_EP_SetStall
                0x08002ea6       0xc6 ./Drivers/STM32F4xx_HAL_Driver/Src/stm32f4xx_hal_pcd.o
                0x08002ea6                HAL_PCD_EP_SetStall
 .text.HAL_PCD_EP_ClrStall
                0x08002f6c       0xac ./Drivers/STM32F4xx_HAL_Driver/Src/stm32f4xx_hal_pcd.o
                0x08002f6c                HAL_PCD_EP_ClrStall
 .text.HAL_PCD_EP_Abort
                0x08003018       0x62 ./Drivers/STM32F4xx_HAL_Driver/Src/stm32f4xx_hal_pcd.o
                0x08003018                HAL_PCD_EP_Abort
 .text.PCD_WriteEmptyTxFifo
                0x0800307a      0x118 ./Drivers/STM32F4xx_HAL_Driver/Src/stm32f4xx_hal_pcd.o
 *fill*         0x08003192        0x2 
 .text.PCD_EP_OutXfrComplete_int
                0x08003194      0x1d0 ./Drivers/STM32F4xx_HAL_Driver/Src/stm32f4xx_hal_pcd.o
 .text.PCD_EP_OutSetupPacket_int
                0x08003364       0x8c ./Drivers/STM32F4xx_HAL_Driver/Src/stm32f4xx_hal_pcd.o
 .text.HAL_PCDEx_SetTxFiFo
                0x080033f0       0x8e ./Drivers/STM32F4xx_HAL_Driver/Src/stm32f4xx_hal_pcd_ex.o
                0x080033f0                HAL_PCDEx_SetTxFiFo
 .text.HAL_PCDEx_SetRxFiFo
                0x0800347e       0x22 ./Drivers/STM32F4xx_HAL_Driver/Src/stm32f4xx_hal_pcd_ex.o
                0x0800347e                HAL_PCDEx_SetRxFiFo
 .text.HAL_PCDEx_LPM_Callback
                0x080034a0       0x18 ./Drivers/STM32F4xx_HAL_Driver/Src/stm32f4xx_hal_pcd_ex.o
                0x080034a0                HAL_PCDEx_LPM_Callback
 .text.HAL_RCC_OscConfig
                0x080034b8      0x4f0 ./Drivers/STM32F4xx_HAL_Driver/Src/stm32f4xx_hal_rcc.o
                0x080034b8                HAL_RCC_OscConfig
 .text.HAL_RCC_ClockConfig
                0x080039a8      0x1cc ./Drivers/STM32F4xx_HAL_Driver/Src/stm32f4xx_hal_rcc.o
                0x080039a8                HAL_RCC_ClockConfig
 .text.HAL_RCC_GetSysClockFreq
                0x08003b74      0x20c ./Drivers/STM32F4xx_HAL_Driver/Src/stm32f4xx_hal_rcc.o
                0x08003b74                HAL_RCC_GetSysClockFreq
 .text.HAL_RCC_GetHCLKFreq
                0x08003d80       0x18 ./Drivers/STM32F4xx_HAL_Driver/Src/stm32f4xx_hal_rcc.o
                0x08003d80                HAL_RCC_GetHCLKFreq
 .text.HAL_RCC_GetPCLK1Freq
                0x08003d98       0x28 ./Drivers/STM32F4xx_HAL_Driver/Src/stm32f4xx_hal_rcc.o
                0x08003d98                HAL_RCC_GetPCLK1Freq
 .text.HAL_RCC_GetPCLK2Freq
                0x08003dc0       0x28 ./Drivers/STM32F4xx_HAL_Driver/Src/stm32f4xx_hal_rcc.o
                0x08003dc0                HAL_RCC_GetPCLK2Freq
 .text.HAL_RCC_GetClockConfig
                0x08003de8       0x64 ./Drivers/STM32F4xx_HAL_Driver/Src/stm32f4xx_hal_rcc.o
                0x08003de8                HAL_RCC_GetClockConfig
 .text.HAL_TIM_Base_Init
                0x08003e4c       0x9e ./Drivers/STM32F4xx_HAL_Driver/Src/stm32f4xx_hal_tim.o
                0x08003e4c                HAL_TIM_Base_Init
 .text.HAL_TIM_Base_MspInit
                0x08003eea       0x14 ./Drivers/STM32F4xx_HAL_Driver/Src/stm32f4xx_hal_tim.o
                0x08003eea                HAL_TIM_Base_MspInit
 *fill*         0x08003efe        0x2 
 .text.HAL_TIM_Base_Start_IT
                0x08003f00       0xc4 ./Drivers/STM32F4xx_HAL_Driver/Src/stm32f4xx_hal_tim.o
                0x08003f00                HAL_TIM_Base_Start_IT
 .text.HAL_TIM_IRQHandler
                0x08003fc4      0x1e0 ./Drivers/STM32F4xx_HAL_Driver/Src/stm32f4xx_hal_tim.o
                0x08003fc4                HAL_TIM_IRQHandler
 .text.HAL_TIM_OC_DelayElapsedCallback
                0x080041a4       0x14 ./Drivers/STM32F4xx_HAL_Driver/Src/stm32f4xx_hal_tim.o
                0x080041a4                HAL_TIM_OC_DelayElapsedCallback
 .text.HAL_TIM_IC_CaptureCallback
                0x080041b8       0x14 ./Drivers/STM32F4xx_HAL_Driver/Src/stm32f4xx_hal_tim.o
                0x080041b8                HAL_TIM_IC_CaptureCallback
 .text.HAL_TIM_PWM_PulseFinishedCallback
                0x080041cc       0x14 ./Drivers/STM32F4xx_HAL_Driver/Src/stm32f4xx_hal_tim.o
                0x080041cc                HAL_TIM_PWM_PulseFinishedCallback
 .text.HAL_TIM_TriggerCallback
                0x080041e0       0x14 ./Drivers/STM32F4xx_HAL_Driver/Src/stm32f4xx_hal_tim.o
                0x080041e0                HAL_TIM_TriggerCallback
 .text.TIM_Base_SetConfig
                0x080041f4      0x118 ./Drivers/STM32F4xx_HAL_Driver/Src/stm32f4xx_hal_tim.o
                0x080041f4                TIM_Base_SetConfig
 .text.HAL_TIMEx_CommutCallback
                0x0800430c       0x14 ./Drivers/STM32F4xx_HAL_Driver/Src/stm32f4xx_hal_tim_ex.o
                0x0800430c                HAL_TIMEx_CommutCallback
 .text.HAL_TIMEx_BreakCallback
                0x08004320       0x14 ./Drivers/STM32F4xx_HAL_Driver/Src/stm32f4xx_hal_tim_ex.o
                0x08004320                HAL_TIMEx_BreakCallback
 .text.HAL_UART_Init
                0x08004334       0xa0 ./Drivers/STM32F4xx_HAL_Driver/Src/stm32f4xx_hal_uart.o
                0x08004334                HAL_UART_Init
 .text.UART_SetConfig
                0x080043d4      0x4e8 ./Drivers/STM32F4xx_HAL_Driver/Src/stm32f4xx_hal_uart.o
 .text.USB_CoreInit
                0x080048bc       0xc8 ./Drivers/STM32F4xx_HAL_Driver/Src/stm32f4xx_ll_usb.o
                0x080048bc                USB_CoreInit
 .text.USB_SetTurnaroundTime
                0x08004984      0x144 ./Drivers/STM32F4xx_HAL_Driver/Src/stm32f4xx_ll_usb.o
                0x08004984                USB_SetTurnaroundTime
 .text.USB_EnableGlobalInt
                0x08004ac8       0x22 ./Drivers/STM32F4xx_HAL_Driver/Src/stm32f4xx_ll_usb.o
                0x08004ac8                USB_EnableGlobalInt
 .text.USB_DisableGlobalInt
                0x08004aea       0x22 ./Drivers/STM32F4xx_HAL_Driver/Src/stm32f4xx_ll_usb.o
                0x08004aea                USB_DisableGlobalInt
 .text.USB_SetCurrentMode
                0x08004b0c       0x98 ./Drivers/STM32F4xx_HAL_Driver/Src/stm32f4xx_ll_usb.o
                0x08004b0c                USB_SetCurrentMode
 .text.USB_DevInit
                0x08004ba4      0x2c8 ./Drivers/STM32F4xx_HAL_Driver/Src/stm32f4xx_ll_usb.o
                0x08004ba4                USB_DevInit
 .text.USB_FlushTxFifo
                0x08004e6c       0x64 ./Drivers/STM32F4xx_HAL_Driver/Src/stm32f4xx_ll_usb.o
                0x08004e6c                USB_FlushTxFifo
 .text.USB_FlushRxFifo
                0x08004ed0       0x5c ./Drivers/STM32F4xx_HAL_Driver/Src/stm32f4xx_ll_usb.o
                0x08004ed0                USB_FlushRxFifo
 .text.USB_SetDevSpeed
                0x08004f2c       0x32 ./Drivers/STM32F4xx_HAL_Driver/Src/stm32f4xx_ll_usb.o
                0x08004f2c                USB_SetDevSpeed
 .text.USB_GetDevSpeed
                0x08004f5e       0x4a ./Drivers/STM32F4xx_HAL_Driver/Src/stm32f4xx_ll_usb.o
                0x08004f5e                USB_GetDevSpeed
 .text.USB_ActivateEndpoint
                0x08004fa8      0x10e ./Drivers/STM32F4xx_HAL_Driver/Src/stm32f4xx_ll_usb.o
                0x08004fa8                USB_ActivateEndpoint
 *fill*         0x080050b6        0x2 
 .text.USB_DeactivateEndpoint
                0x080050b8      0x1b8 ./Drivers/STM32F4xx_HAL_Driver/Src/stm32f4xx_ll_usb.o
                0x080050b8                USB_DeactivateEndpoint
 .text.USB_EPStartXfer
                0x08005270      0x53c ./Drivers/STM32F4xx_HAL_Driver/Src/stm32f4xx_ll_usb.o
                0x08005270                USB_EPStartXfer
 .text.USB_EPStopXfer
                0x080057ac      0x154 ./Drivers/STM32F4xx_HAL_Driver/Src/stm32f4xx_ll_usb.o
                0x080057ac                USB_EPStopXfer
 .text.USB_WritePacket
                0x08005900       0x7c ./Drivers/STM32F4xx_HAL_Driver/Src/stm32f4xx_ll_usb.o
                0x08005900                USB_WritePacket
 .text.USB_ReadPacket
                0x0800597c       0xb0 ./Drivers/STM32F4xx_HAL_Driver/Src/stm32f4xx_ll_usb.o
                0x0800597c                USB_ReadPacket
 .text.USB_EPSetStall
                0x08005a2c       0xdc ./Drivers/STM32F4xx_HAL_Driver/Src/stm32f4xx_ll_usb.o
                0x08005a2c                USB_EPSetStall
 .text.USB_EPClearStall
                0x08005b08       0xcc ./Drivers/STM32F4xx_HAL_Driver/Src/stm32f4xx_ll_usb.o
                0x08005b08                USB_EPClearStall
 .text.USB_SetDevAddress
                0x08005bd4       0x4c ./Drivers/STM32F4xx_HAL_Driver/Src/stm32f4xx_ll_usb.o
                0x08005bd4                USB_SetDevAddress
 .text.USB_DevConnect
                0x08005c20       0x42 ./Drivers/STM32F4xx_HAL_Driver/Src/stm32f4xx_ll_usb.o
                0x08005c20                USB_DevConnect
 .text.USB_DevDisconnect
                0x08005c62       0x42 ./Drivers/STM32F4xx_HAL_Driver/Src/stm32f4xx_ll_usb.o
                0x08005c62                USB_DevDisconnect
 .text.USB_ReadInterrupts
                0x08005ca4       0x26 ./Drivers/STM32F4xx_HAL_Driver/Src/stm32f4xx_ll_usb.o
                0x08005ca4                USB_ReadInterrupts
 .text.USB_ReadDevAllOutEpInterrupt
                0x08005cca       0x34 ./Drivers/STM32F4xx_HAL_Driver/Src/stm32f4xx_ll_usb.o
                0x08005cca                USB_ReadDevAllOutEpInterrupt
 .text.USB_ReadDevAllInEpInterrupt
                0x08005cfe       0x34 ./Drivers/STM32F4xx_HAL_Driver/Src/stm32f4xx_ll_usb.o
                0x08005cfe                USB_ReadDevAllInEpInterrupt
 .text.USB_ReadDevOutEPInterrupt
                0x08005d32       0x3c ./Drivers/STM32F4xx_HAL_Driver/Src/stm32f4xx_ll_usb.o
                0x08005d32                USB_ReadDevOutEPInterrupt
 .text.USB_ReadDevInEPInterrupt
                0x08005d6e       0x5c ./Drivers/STM32F4xx_HAL_Driver/Src/stm32f4xx_ll_usb.o
                0x08005d6e                USB_ReadDevInEPInterrupt
 .text.USB_GetMode
                0x08005dca       0x1c ./Drivers/STM32F4xx_HAL_Driver/Src/stm32f4xx_ll_usb.o
                0x08005dca                USB_GetMode
 .text.USB_ActivateSetup
                0x08005de6       0x46 ./Drivers/STM32F4xx_HAL_Driver/Src/stm32f4xx_ll_usb.o
                0x08005de6                USB_ActivateSetup
 .text.USB_EP0_OutStart
                0x08005e2c       0xbc ./Drivers/STM32F4xx_HAL_Driver/Src/stm32f4xx_ll_usb.o
                0x08005e2c                USB_EP0_OutStart
 .text.USB_CoreReset
                0x08005ee8       0x62 ./Drivers/STM32F4xx_HAL_Driver/Src/stm32f4xx_ll_usb.o
 *fill*         0x08005f4a        0x2 
 .text.USBD_CDC_Init
                0x08005f4c      0x1f0 ./Middlewares/ST/STM32_USB_Device_Library/Class/CDC/Src/usbd_cdc.o
 .text.USBD_CDC_DeInit
                0x0800613c      0x104 ./Middlewares/ST/STM32_USB_Device_Library/Class/CDC/Src/usbd_cdc.o
 .text.USBD_CDC_Setup
                0x08006240      0x1b8 ./Middlewares/ST/STM32_USB_Device_Library/Class/CDC/Src/usbd_cdc.o
 .text.USBD_CDC_DataIn
                0x080063f8       0xfe ./Middlewares/ST/STM32_USB_Device_Library/Class/CDC/Src/usbd_cdc.o
 .text.USBD_CDC_DataOut
                0x080064f6       0x70 ./Middlewares/ST/STM32_USB_Device_Library/Class/CDC/Src/usbd_cdc.o
 .text.USBD_CDC_EP0_RxReady
                0x08006566       0x74 ./Middlewares/ST/STM32_USB_Device_Library/Class/CDC/Src/usbd_cdc.o
 *fill*         0x080065da        0x2 
 .text.USBD_CDC_GetFSCfgDesc
                0x080065dc       0x70 ./Middlewares/ST/STM32_USB_Device_Library/Class/CDC/Src/usbd_cdc.o
 .text.USBD_CDC_GetHSCfgDesc
                0x0800664c       0x70 ./Middlewares/ST/STM32_USB_Device_Library/Class/CDC/Src/usbd_cdc.o
 .text.USBD_CDC_GetOtherSpeedCfgDesc
                0x080066bc       0x70 ./Middlewares/ST/STM32_USB_Device_Library/Class/CDC/Src/usbd_cdc.o
 .text.USBD_CDC_GetDeviceQualifierDescriptor
                0x0800672c       0x20 ./Middlewares/ST/STM32_USB_Device_Library/Class/CDC/Src/usbd_cdc.o
                0x0800672c                USBD_CDC_GetDeviceQualifierDescriptor
 .text.USBD_CDC_RegisterInterface
                0x0800674c       0x34 ./Middlewares/ST/STM32_USB_Device_Library/Class/CDC/Src/usbd_cdc.o
                0x0800674c                USBD_CDC_RegisterInterface
 .text.USBD_CDC_SetTxBuffer
                0x08006780       0x44 ./Middlewares/ST/STM32_USB_Device_Library/Class/CDC/Src/usbd_cdc.o
                0x08006780                USBD_CDC_SetTxBuffer
 .text.USBD_CDC_SetRxBuffer
                0x080067c4       0x3a ./Middlewares/ST/STM32_USB_Device_Library/Class/CDC/Src/usbd_cdc.o
                0x080067c4                USBD_CDC_SetRxBuffer
 *fill*         0x080067fe        0x2 
 .text.USBD_CDC_ReceivePacket
                0x08006800       0x6c ./Middlewares/ST/STM32_USB_Device_Library/Class/CDC/Src/usbd_cdc.o
                0x08006800                USBD_CDC_ReceivePacket
 .text.USBD_Init
                0x0800686c       0x60 ./Middlewares/ST/STM32_USB_Device_Library/Core/Src/usbd_core.o
                0x0800686c                USBD_Init
 .text.USBD_RegisterClass
                0x080068cc       0x6c ./Middlewares/ST/STM32_USB_Device_Library/Core/Src/usbd_core.o
                0x080068cc                USBD_RegisterClass
 .text.USBD_Start
                0x08006938       0x18 ./Middlewares/ST/STM32_USB_Device_Library/Core/Src/usbd_core.o
                0x08006938                USBD_Start
 .text.USBD_RunTestMode
                0x08006950       0x16 ./Middlewares/ST/STM32_USB_Device_Library/Core/Src/usbd_core.o
                0x08006950                USBD_RunTestMode
 .text.USBD_SetClassConfig
                0x08006966       0x38 ./Middlewares/ST/STM32_USB_Device_Library/Core/Src/usbd_core.o
                0x08006966                USBD_SetClassConfig
 .text.USBD_ClrClassConfig
                0x0800699e       0x34 ./Middlewares/ST/STM32_USB_Device_Library/Core/Src/usbd_core.o
                0x0800699e                USBD_ClrClassConfig
 .text.USBD_LL_SetupStage
                0x080069d2       0xaa ./Middlewares/ST/STM32_USB_Device_Library/Core/Src/usbd_core.o
                0x080069d2                USBD_LL_SetupStage
 .text.USBD_LL_DataOutStage
                0x08006a7c      0x166 ./Middlewares/ST/STM32_USB_Device_Library/Core/Src/usbd_core.o
                0x08006a7c                USBD_LL_DataOutStage
 .text.USBD_LL_DataInStage
                0x08006be2      0x164 ./Middlewares/ST/STM32_USB_Device_Library/Core/Src/usbd_core.o
                0x08006be2                USBD_LL_DataInStage
 .text.USBD_LL_Reset
                0x08006d46       0xa4 ./Middlewares/ST/STM32_USB_Device_Library/Core/Src/usbd_core.o
                0x08006d46                USBD_LL_Reset
 .text.USBD_LL_SetSpeed
                0x08006dea       0x20 ./Middlewares/ST/STM32_USB_Device_Library/Core/Src/usbd_core.o
                0x08006dea                USBD_LL_SetSpeed
 .text.USBD_LL_Suspend
                0x08006e0a       0x38 ./Middlewares/ST/STM32_USB_Device_Library/Core/Src/usbd_core.o
                0x08006e0a                USBD_LL_Suspend
 .text.USBD_LL_Resume
                0x08006e42       0x30 ./Middlewares/ST/STM32_USB_Device_Library/Core/Src/usbd_core.o
                0x08006e42                USBD_LL_Resume
 .text.USBD_LL_SOF
                0x08006e72       0x40 ./Middlewares/ST/STM32_USB_Device_Library/Core/Src/usbd_core.o
                0x08006e72                USBD_LL_SOF
 .text.USBD_LL_IsoINIncomplete
                0x08006eb2       0x64 ./Middlewares/ST/STM32_USB_Device_Library/Core/Src/usbd_core.o
                0x08006eb2                USBD_LL_IsoINIncomplete
 .text.USBD_LL_IsoOUTIncomplete
                0x08006f16       0x64 ./Middlewares/ST/STM32_USB_Device_Library/Core/Src/usbd_core.o
                0x08006f16                USBD_LL_IsoOUTIncomplete
 .text.USBD_LL_DevConnected
                0x08006f7a       0x16 ./Middlewares/ST/STM32_USB_Device_Library/Core/Src/usbd_core.o
                0x08006f7a                USBD_LL_DevConnected
 .text.USBD_LL_DevDisconnected
                0x08006f90       0x46 ./Middlewares/ST/STM32_USB_Device_Library/Core/Src/usbd_core.o
                0x08006f90                USBD_LL_DevDisconnected
 .text.USBD_CoreFindIF
                0x08006fd6       0x1a ./Middlewares/ST/STM32_USB_Device_Library/Core/Src/usbd_core.o
                0x08006fd6                USBD_CoreFindIF
 .text.USBD_CoreFindEP
                0x08006ff0       0x1a ./Middlewares/ST/STM32_USB_Device_Library/Core/Src/usbd_core.o
                0x08006ff0                USBD_CoreFindEP
 .text.USBD_GetEpDesc
                0x0800700a       0x70 ./Middlewares/ST/STM32_USB_Device_Library/Core/Src/usbd_core.o
                0x0800700a                USBD_GetEpDesc
 .text.USBD_GetNextDesc
                0x0800707a       0x38 ./Middlewares/ST/STM32_USB_Device_Library/Core/Src/usbd_core.o
                0x0800707a                USBD_GetNextDesc
 .text.SWAPBYTE
                0x080070b2       0x3c ./Middlewares/ST/STM32_USB_Device_Library/Core/Src/usbd_ctlreq.o
 *fill*         0x080070ee        0x2 
 .text.USBD_StdDevReq
                0x080070f0       0xe4 ./Middlewares/ST/STM32_USB_Device_Library/Core/Src/usbd_ctlreq.o
                0x080070f0                USBD_StdDevReq
 .text.USBD_StdItfReq
                0x080071d4       0xd8 ./Middlewares/ST/STM32_USB_Device_Library/Core/Src/usbd_ctlreq.o
                0x080071d4                USBD_StdItfReq
 .text.USBD_StdEPReq
                0x080072ac      0x33a ./Middlewares/ST/STM32_USB_Device_Library/Core/Src/usbd_ctlreq.o
                0x080072ac                USBD_StdEPReq
 *fill*         0x080075e6        0x2 
 .text.USBD_GetDescriptor
                0x080075e8      0x2d4 ./Middlewares/ST/STM32_USB_Device_Library/Core/Src/usbd_ctlreq.o
 .text.USBD_SetAddress
                0x080078bc       0x88 ./Middlewares/ST/STM32_USB_Device_Library/Core/Src/usbd_ctlreq.o
 .text.USBD_SetConfig
                0x08007944      0x154 ./Middlewares/ST/STM32_USB_Device_Library/Core/Src/usbd_ctlreq.o
 .text.USBD_GetConfig
                0x08007a98       0x6c ./Middlewares/ST/STM32_USB_Device_Library/Core/Src/usbd_ctlreq.o
 .text.USBD_GetStatus
                0x08007b04       0x68 ./Middlewares/ST/STM32_USB_Device_Library/Core/Src/usbd_ctlreq.o
 .text.USBD_SetFeature
                0x08007b6c       0x52 ./Middlewares/ST/STM32_USB_Device_Library/Core/Src/usbd_ctlreq.o
 .text.USBD_ClrFeature
                0x08007bbe       0x44 ./Middlewares/ST/STM32_USB_Device_Library/Core/Src/usbd_ctlreq.o
 .text.USBD_ParseSetupRequest
                0x08007c02       0x74 ./Middlewares/ST/STM32_USB_Device_Library/Core/Src/usbd_ctlreq.o
                0x08007c02                USBD_ParseSetupRequest
 .text.USBD_CtlError
                0x08007c76       0x22 ./Middlewares/ST/STM32_USB_Device_Library/Core/Src/usbd_ctlreq.o
                0x08007c76                USBD_CtlError
 .text.USBD_GetString
                0x08007c98       0xa4 ./Middlewares/ST/STM32_USB_Device_Library/Core/Src/usbd_ctlreq.o
                0x08007c98                USBD_GetString
 .text.USBD_GetLen
                0x08007d3c       0x34 ./Middlewares/ST/STM32_USB_Device_Library/Core/Src/usbd_ctlreq.o
 .text.USBD_CtlSendData
                0x08007d70       0x36 ./Middlewares/ST/STM32_USB_Device_Library/Core/Src/usbd_ioreq.o
                0x08007d70                USBD_CtlSendData
 .text.USBD_CtlContinueSendData
                0x08007da6       0x22 ./Middlewares/ST/STM32_USB_Device_Library/Core/Src/usbd_ioreq.o
                0x08007da6                USBD_CtlContinueSendData
 .text.USBD_CtlPrepareRx
                0x08007dc8       0x3a ./Middlewares/ST/STM32_USB_Device_Library/Core/Src/usbd_ioreq.o
                0x08007dc8                USBD_CtlPrepareRx
 .text.USBD_CtlContinueRx
                0x08007e02       0x22 ./Middlewares/ST/STM32_USB_Device_Library/Core/Src/usbd_ioreq.o
                0x08007e02                USBD_CtlContinueRx
 .text.USBD_CtlSendStatus
                0x08007e24       0x26 ./Middlewares/ST/STM32_USB_Device_Library/Core/Src/usbd_ioreq.o
                0x08007e24                USBD_CtlSendStatus
 .text.USBD_CtlReceiveStatus
                0x08007e4a       0x26 ./Middlewares/ST/STM32_USB_Device_Library/Core/Src/usbd_ioreq.o
                0x08007e4a                USBD_CtlReceiveStatus
 .text.__NVIC_SetPriority
                0x08007e70       0x54 ./Middlewares/Third_Party/FreeRTOS/Source/CMSIS_RTOS_V2/cmsis_os2.o
 .text.SysTick_Handler
                0x08007ec4       0x20 ./Middlewares/Third_Party/FreeRTOS/Source/CMSIS_RTOS_V2/cmsis_os2.o
                0x08007ec4                SysTick_Handler
 .text.SVC_Setup
                0x08007ee4       0x12 ./Middlewares/Third_Party/FreeRTOS/Source/CMSIS_RTOS_V2/cmsis_os2.o
 *fill*         0x08007ef6        0x2 
 .text.osKernelInitialize
                0x08007ef8       0x48 ./Middlewares/Third_Party/FreeRTOS/Source/CMSIS_RTOS_V2/cmsis_os2.o
                0x08007ef8                osKernelInitialize
 .text.osKernelStart
                0x08007f40       0x4c ./Middlewares/Third_Party/FreeRTOS/Source/CMSIS_RTOS_V2/cmsis_os2.o
                0x08007f40                osKernelStart
 .text.osThreadNew
                0x08007f8c      0x124 ./Middlewares/Third_Party/FreeRTOS/Source/CMSIS_RTOS_V2/cmsis_os2.o
                0x08007f8c                osThreadNew
 .text.osDelay  0x080080b0       0x36 ./Middlewares/Third_Party/FreeRTOS/Source/CMSIS_RTOS_V2/cmsis_os2.o
                0x080080b0                osDelay
 .text.osEventFlagsNew
                0x080080e6       0x7e ./Middlewares/Third_Party/FreeRTOS/Source/CMSIS_RTOS_V2/cmsis_os2.o
                0x080080e6                osEventFlagsNew
 .text.osEventFlagsSet
                0x08008164       0x84 ./Middlewares/Third_Party/FreeRTOS/Source/CMSIS_RTOS_V2/cmsis_os2.o
                0x08008164                osEventFlagsSet
 .text.osEventFlagsClear
                0x080081e8       0x62 ./Middlewares/Third_Party/FreeRTOS/Source/CMSIS_RTOS_V2/cmsis_os2.o
                0x080081e8                osEventFlagsClear
 .text.osEventFlagsWait
                0x0800824a       0xca ./Middlewares/Third_Party/FreeRTOS/Source/CMSIS_RTOS_V2/cmsis_os2.o
                0x0800824a                osEventFlagsWait
 .text.osMutexNew
                0x08008314      0x10c ./Middlewares/Third_Party/FreeRTOS/Source/CMSIS_RTOS_V2/cmsis_os2.o
                0x08008314                osMutexNew
 .text.osMutexAcquire
                0x08008420       0x96 ./Middlewares/Third_Party/FreeRTOS/Source/CMSIS_RTOS_V2/cmsis_os2.o
                0x08008420                osMutexAcquire
 .text.osMutexRelease
                0x080084b6       0x7a ./Middlewares/Third_Party/FreeRTOS/Source/CMSIS_RTOS_V2/cmsis_os2.o
                0x080084b6                osMutexRelease
 .text.osMessageQueueNew
                0x08008530       0xe6 ./Middlewares/Third_Party/FreeRTOS/Source/CMSIS_RTOS_V2/cmsis_os2.o
                0x08008530                osMessageQueueNew
 *fill*         0x08008616        0x2 
 .text.osMessageQueuePut
                0x08008618       0xc0 ./Middlewares/Third_Party/FreeRTOS/Source/CMSIS_RTOS_V2/cmsis_os2.o
                0x08008618                osMessageQueuePut
 .text.osMessageQueueGet
                0x080086d8       0xbc ./Middlewares/Third_Party/FreeRTOS/Source/CMSIS_RTOS_V2/cmsis_os2.o
                0x080086d8                osMessageQueueGet
 .text.vApplicationGetIdleTaskMemory
                0x08008794       0x34 ./Middlewares/Third_Party/FreeRTOS/Source/CMSIS_RTOS_V2/cmsis_os2.o
                0x08008794                vApplicationGetIdleTaskMemory
 .text.vApplicationGetTimerTaskMemory
                0x080087c8       0x34 ./Middlewares/Third_Party/FreeRTOS/Source/CMSIS_RTOS_V2/cmsis_os2.o
                0x080087c8                vApplicationGetTimerTaskMemory
 .text.xEventGroupCreateStatic
                0x080087fc       0x72 ./Middlewares/Third_Party/FreeRTOS/Source/event_groups.o
                0x080087fc                xEventGroupCreateStatic
 .text.xEventGroupCreate
                0x0800886e       0x34 ./Middlewares/Third_Party/FreeRTOS/Source/event_groups.o
                0x0800886e                xEventGroupCreate
 *fill*         0x080088a2        0x2 
 .text.xEventGroupWaitBits
                0x080088a4      0x1a4 ./Middlewares/Third_Party/FreeRTOS/Source/event_groups.o
                0x080088a4                xEventGroupWaitBits
 .text.xEventGroupClearBits
                0x08008a48       0x72 ./Middlewares/Third_Party/FreeRTOS/Source/event_groups.o
                0x08008a48                xEventGroupClearBits
 *fill*         0x08008aba        0x2 
 .text.xEventGroupClearBitsFromISR
                0x08008abc       0x28 ./Middlewares/Third_Party/FreeRTOS/Source/event_groups.o
                0x08008abc                xEventGroupClearBitsFromISR
 .text.xEventGroupGetBitsFromISR
                0x08008ae4       0x48 ./Middlewares/Third_Party/FreeRTOS/Source/event_groups.o
                0x08008ae4                xEventGroupGetBitsFromISR
 .text.xEventGroupSetBits
                0x08008b2c      0x118 ./Middlewares/Third_Party/FreeRTOS/Source/event_groups.o
                0x08008b2c                xEventGroupSetBits
 .text.vEventGroupSetBitsCallback
                0x08008c44       0x1a ./Middlewares/Third_Party/FreeRTOS/Source/event_groups.o
                0x08008c44                vEventGroupSetBitsCallback
 .text.vEventGroupClearBitsCallback
                0x08008c5e       0x1a ./Middlewares/Third_Party/FreeRTOS/Source/event_groups.o
                0x08008c5e                vEventGroupClearBitsCallback
 .text.prvTestWaitCondition
                0x08008c78       0x44 ./Middlewares/Third_Party/FreeRTOS/Source/event_groups.o
 .text.xEventGroupSetBitsFromISR
                0x08008cbc       0x28 ./Middlewares/Third_Party/FreeRTOS/Source/event_groups.o
                0x08008cbc                xEventGroupSetBitsFromISR
 .text.vListInitialise
                0x08008ce4       0x40 ./Middlewares/Third_Party/FreeRTOS/Source/list.o
                0x08008ce4                vListInitialise
 .text.vListInitialiseItem
                0x08008d24       0x1a ./Middlewares/Third_Party/FreeRTOS/Source/list.o
                0x08008d24                vListInitialiseItem
 .text.vListInsertEnd
                0x08008d3e       0x48 ./Middlewares/Third_Party/FreeRTOS/Source/list.o
                0x08008d3e                vListInsertEnd
 .text.vListInsert
                0x08008d86       0x72 ./Middlewares/Third_Party/FreeRTOS/Source/list.o
                0x08008d86                vListInsert
 .text.uxListRemove
                0x08008df8       0x54 ./Middlewares/Third_Party/FreeRTOS/Source/list.o
                0x08008df8                uxListRemove
 .text.xQueueGenericReset
                0x08008e4c       0xd4 ./Middlewares/Third_Party/FreeRTOS/Source/queue.o
                0x08008e4c                xQueueGenericReset
 .text.xQueueGenericCreateStatic
                0x08008f20       0xfa ./Middlewares/Third_Party/FreeRTOS/Source/queue.o
                0x08008f20                xQueueGenericCreateStatic
 .text.xQueueGenericCreate
                0x0800901a       0x76 ./Middlewares/Third_Party/FreeRTOS/Source/queue.o
                0x0800901a                xQueueGenericCreate
 .text.prvInitialiseNewQueue
                0x08009090       0x46 ./Middlewares/Third_Party/FreeRTOS/Source/queue.o
 .text.prvInitialiseMutex
                0x080090d6       0x34 ./Middlewares/Third_Party/FreeRTOS/Source/queue.o
 .text.xQueueCreateMutex
                0x0800910a       0x30 ./Middlewares/Third_Party/FreeRTOS/Source/queue.o
                0x0800910a                xQueueCreateMutex
 .text.xQueueCreateMutexStatic
                0x0800913a       0x36 ./Middlewares/Third_Party/FreeRTOS/Source/queue.o
                0x0800913a                xQueueCreateMutexStatic
 .text.xQueueGiveMutexRecursive
                0x08009170       0x6a ./Middlewares/Third_Party/FreeRTOS/Source/queue.o
                0x08009170                xQueueGiveMutexRecursive
 .text.xQueueTakeMutexRecursive
                0x080091da       0x6e ./Middlewares/Third_Party/FreeRTOS/Source/queue.o
                0x080091da                xQueueTakeMutexRecursive
 .text.xQueueGenericSend
                0x08009248      0x204 ./Middlewares/Third_Party/FreeRTOS/Source/queue.o
                0x08009248                xQueueGenericSend
 .text.xQueueGenericSendFromISR
                0x0800944c      0x13c ./Middlewares/Third_Party/FreeRTOS/Source/queue.o
                0x0800944c                xQueueGenericSendFromISR
 .text.xQueueReceive
                0x08009588      0x1c4 ./Middlewares/Third_Party/FreeRTOS/Source/queue.o
                0x08009588                xQueueReceive
 .text.xQueueSemaphoreTake
                0x0800974c      0x220 ./Middlewares/Third_Party/FreeRTOS/Source/queue.o
                0x0800974c                xQueueSemaphoreTake
 .text.xQueueReceiveFromISR
                0x0800996c      0x104 ./Middlewares/Third_Party/FreeRTOS/Source/queue.o
                0x0800996c                xQueueReceiveFromISR
 .text.prvGetDisinheritPriorityAfterTimeout
                0x08009a70       0x30 ./Middlewares/Third_Party/FreeRTOS/Source/queue.o
 .text.prvCopyDataToQueue
                0x08009aa0       0xd4 ./Middlewares/Third_Party/FreeRTOS/Source/queue.o
 .text.prvCopyDataFromQueue
                0x08009b74       0x4c ./Middlewares/Third_Party/FreeRTOS/Source/queue.o
 .text.prvUnlockQueue
                0x08009bc0       0xa4 ./Middlewares/Third_Party/FreeRTOS/Source/queue.o
 .text.prvIsQueueEmpty
                0x08009c64       0x2c ./Middlewares/Third_Party/FreeRTOS/Source/queue.o
 .text.prvIsQueueFull
                0x08009c90       0x30 ./Middlewares/Third_Party/FreeRTOS/Source/queue.o
 .text.vQueueAddToRegistry
                0x08009cc0       0x54 ./Middlewares/Third_Party/FreeRTOS/Source/queue.o
                0x08009cc0                vQueueAddToRegistry
 .text.vQueueWaitForMessageRestricted
                0x08009d14       0x68 ./Middlewares/Third_Party/FreeRTOS/Source/queue.o
                0x08009d14                vQueueWaitForMessageRestricted
 .text.xTaskCreateStatic
                0x08009d7c       0xc0 ./Middlewares/Third_Party/FreeRTOS/Source/tasks.o
                0x08009d7c                xTaskCreateStatic
 .text.xTaskCreate
                0x08009e3c       0x8a ./Middlewares/Third_Party/FreeRTOS/Source/tasks.o
                0x08009e3c                xTaskCreate
 *fill*         0x08009ec6        0x2 
 .text.prvInitialiseNewTask
                0x08009ec8      0x150 ./Middlewares/Third_Party/FreeRTOS/Source/tasks.o
 .text.prvAddNewTaskToReadyList
                0x0800a018       0xe0 ./Middlewares/Third_Party/FreeRTOS/Source/tasks.o
 .text.vTaskDelay
                0x0800a0f8       0x6c ./Middlewares/Third_Party/FreeRTOS/Source/tasks.o
                0x0800a0f8                vTaskDelay
 .text.vTaskStartScheduler
                0x0800a164       0xe0 ./Middlewares/Third_Party/FreeRTOS/Source/tasks.o
                0x0800a164                vTaskStartScheduler
 .text.vTaskSuspendAll
                0x0800a244       0x1c ./Middlewares/Third_Party/FreeRTOS/Source/tasks.o
                0x0800a244                vTaskSuspendAll
 .text.xTaskResumeAll
                0x0800a260      0x13c ./Middlewares/Third_Party/FreeRTOS/Source/tasks.o
                0x0800a260                xTaskResumeAll
 .text.xTaskGetTickCount
                0x0800a39c       0x20 ./Middlewares/Third_Party/FreeRTOS/Source/tasks.o
                0x0800a39c                xTaskGetTickCount
 .text.xTaskIncrementTick
                0x0800a3bc      0x174 ./Middlewares/Third_Party/FreeRTOS/Source/tasks.o
                0x0800a3bc                xTaskIncrementTick
 .text.vTaskSwitchContext
                0x0800a530       0xcc ./Middlewares/Third_Party/FreeRTOS/Source/tasks.o
                0x0800a530                vTaskSwitchContext
 .text.vTaskPlaceOnEventList
                0x0800a5fc       0x4c ./Middlewares/Third_Party/FreeRTOS/Source/tasks.o
                0x0800a5fc                vTaskPlaceOnEventList
 .text.vTaskPlaceOnUnorderedEventList
                0x0800a648       0x7c ./Middlewares/Third_Party/FreeRTOS/Source/tasks.o
                0x0800a648                vTaskPlaceOnUnorderedEventList
 .text.vTaskPlaceOnEventListRestricted
                0x0800a6c4       0x58 ./Middlewares/Third_Party/FreeRTOS/Source/tasks.o
                0x0800a6c4                vTaskPlaceOnEventListRestricted
 .text.xTaskRemoveFromEventList
                0x0800a71c       0xc8 ./Middlewares/Third_Party/FreeRTOS/Source/tasks.o
                0x0800a71c                xTaskRemoveFromEventList
 .text.vTaskRemoveFromUnorderedEventList
                0x0800a7e4       0xc8 ./Middlewares/Third_Party/FreeRTOS/Source/tasks.o
                0x0800a7e4                vTaskRemoveFromUnorderedEventList
 .text.vTaskInternalSetTimeOutState
                0x0800a8ac       0x2c ./Middlewares/Third_Party/FreeRTOS/Source/tasks.o
                0x0800a8ac                vTaskInternalSetTimeOutState
 .text.xTaskCheckForTimeOut
                0x0800a8d8       0xc8 ./Middlewares/Third_Party/FreeRTOS/Source/tasks.o
                0x0800a8d8                xTaskCheckForTimeOut
 .text.vTaskMissedYield
                0x0800a9a0       0x18 ./Middlewares/Third_Party/FreeRTOS/Source/tasks.o
                0x0800a9a0                vTaskMissedYield
 .text.prvIdleTask
                0x0800a9b8       0x30 ./Middlewares/Third_Party/FreeRTOS/Source/tasks.o
 .text.prvInitialiseTaskLists
                0x0800a9e8       0x80 ./Middlewares/Third_Party/FreeRTOS/Source/tasks.o
 .text.prvCheckTasksWaitingTermination
                0x0800aa68       0x5c ./Middlewares/Third_Party/FreeRTOS/Source/tasks.o
 .text.prvDeleteTCB
                0x0800aac4       0x6a ./Middlewares/Third_Party/FreeRTOS/Source/tasks.o
 *fill*         0x0800ab2e        0x2 
 .text.prvResetNextTaskUnblockTime
                0x0800ab30       0x40 ./Middlewares/Third_Party/FreeRTOS/Source/tasks.o
 .text.xTaskGetCurrentTaskHandle
                0x0800ab70       0x20 ./Middlewares/Third_Party/FreeRTOS/Source/tasks.o
                0x0800ab70                xTaskGetCurrentTaskHandle
 .text.xTaskGetSchedulerState
                0x0800ab90       0x3c ./Middlewares/Third_Party/FreeRTOS/Source/tasks.o
                0x0800ab90                xTaskGetSchedulerState
 .text.xTaskPriorityInherit
                0x0800abcc       0xd0 ./Middlewares/Third_Party/FreeRTOS/Source/tasks.o
                0x0800abcc                xTaskPriorityInherit
 .text.xTaskPriorityDisinherit
                0x0800ac9c       0xe0 ./Middlewares/Third_Party/FreeRTOS/Source/tasks.o
                0x0800ac9c                xTaskPriorityDisinherit
 .text.vTaskPriorityDisinheritAfterTimeout
                0x0800ad7c      0x108 ./Middlewares/Third_Party/FreeRTOS/Source/tasks.o
                0x0800ad7c                vTaskPriorityDisinheritAfterTimeout
 .text.uxTaskResetEventItemValue
                0x0800ae84       0x30 ./Middlewares/Third_Party/FreeRTOS/Source/tasks.o
                0x0800ae84                uxTaskResetEventItemValue
 .text.pvTaskIncrementMutexHeldCount
                0x0800aeb4       0x28 ./Middlewares/Third_Party/FreeRTOS/Source/tasks.o
                0x0800aeb4                pvTaskIncrementMutexHeldCount
 .text.prvAddCurrentTaskToDelayedList
                0x0800aedc       0xa8 ./Middlewares/Third_Party/FreeRTOS/Source/tasks.o
 .text.xTimerCreateTimerTask
                0x0800af84       0x94 ./Middlewares/Third_Party/FreeRTOS/Source/timers.o
                0x0800af84                xTimerCreateTimerTask
 .text.xTimerGenericCommand
                0x0800b018       0x9c ./Middlewares/Third_Party/FreeRTOS/Source/timers.o
                0x0800b018                xTimerGenericCommand
 .text.prvProcessExpiredTimer
                0x0800b0b4       0x9c ./Middlewares/Third_Party/FreeRTOS/Source/timers.o
 .text.prvTimerTask
                0x0800b150       0x26 ./Middlewares/Third_Party/FreeRTOS/Source/timers.o
 *fill*         0x0800b176        0x2 
 .text.prvProcessTimerOrBlockTask
                0x0800b178       0x9c ./Middlewares/Third_Party/FreeRTOS/Source/timers.o
 .text.prvGetNextExpireTime
                0x0800b214       0x48 ./Middlewares/Third_Party/FreeRTOS/Source/timers.o
 .text.prvSampleTimeNow
                0x0800b25c       0x40 ./Middlewares/Third_Party/FreeRTOS/Source/timers.o
 .text.prvInsertTimerInActiveList
                0x0800b29c       0x84 ./Middlewares/Third_Party/FreeRTOS/Source/timers.o
 .text.prvProcessReceivedCommands
                0x0800b320      0x1cc ./Middlewares/Third_Party/FreeRTOS/Source/timers.o
 .text.prvSwitchTimerLists
                0x0800b4ec       0xcc ./Middlewares/Third_Party/FreeRTOS/Source/timers.o
 .text.prvCheckForValidListAndQueue
                0x0800b5b8       0x80 ./Middlewares/Third_Party/FreeRTOS/Source/timers.o
 .text.xTimerPendFunctionCallFromISR
                0x0800b638       0x40 ./Middlewares/Third_Party/FreeRTOS/Source/timers.o
                0x0800b638                xTimerPendFunctionCallFromISR
 .text.pxPortInitialiseStack
                0x0800b678       0x68 ./Middlewares/Third_Party/FreeRTOS/Source/portable/GCC/ARM_CM4F/port.o
                0x0800b678                pxPortInitialiseStack
 .text.prvTaskExitError
                0x0800b6e0       0x5c ./Middlewares/Third_Party/FreeRTOS/Source/portable/GCC/ARM_CM4F/port.o
 *fill*         0x0800b73c        0x4 
 .text.SVC_Handler
                0x0800b740       0x28 ./Middlewares/Third_Party/FreeRTOS/Source/portable/GCC/ARM_CM4F/port.o
                0x0800b740                SVC_Handler
 .text.prvPortStartFirstTask
                0x0800b768       0x28 ./Middlewares/Third_Party/FreeRTOS/Source/portable/GCC/ARM_CM4F/port.o
 .text.xPortStartScheduler
                0x0800b790      0x148 ./Middlewares/Third_Party/FreeRTOS/Source/portable/GCC/ARM_CM4F/port.o
                0x0800b790                xPortStartScheduler
 .text.vPortEnterCritical
                0x0800b8d8       0x64 ./Middlewares/Third_Party/FreeRTOS/Source/portable/GCC/ARM_CM4F/port.o
                0x0800b8d8                vPortEnterCritical
 .text.vPortExitCritical
                0x0800b93c       0x54 ./Middlewares/Third_Party/FreeRTOS/Source/portable/GCC/ARM_CM4F/port.o
                0x0800b93c                vPortExitCritical
 .text.PendSV_Handler
                0x0800b990       0x68 ./Middlewares/Third_Party/FreeRTOS/Source/portable/GCC/ARM_CM4F/port.o
                0x0800b990                PendSV_Handler
 .text.xPortSysTickHandler
                0x0800b9f8       0x44 ./Middlewares/Third_Party/FreeRTOS/Source/portable/GCC/ARM_CM4F/port.o
                0x0800b9f8                xPortSysTickHandler
 .text.vPortSetupTimerInterrupt
                0x0800ba3c       0x48 ./Middlewares/Third_Party/FreeRTOS/Source/portable/GCC/ARM_CM4F/port.o
                0x0800ba3c                vPortSetupTimerInterrupt
 .text.vPortEnableVFP
                0x0800ba84       0x14 ./Middlewares/Third_Party/FreeRTOS/Source/portable/GCC/ARM_CM4F/port.o
 .text.vPortValidateInterruptPriority
                0x0800ba98       0x84 ./Middlewares/Third_Party/FreeRTOS/Source/portable/GCC/ARM_CM4F/port.o
                0x0800ba98                vPortValidateInterruptPriority
 .text.pvPortMalloc
                0x0800bb1c      0x19c ./Middlewares/Third_Party/FreeRTOS/Source/portable/MemMang/heap_4.o
                0x0800bb1c                pvPortMalloc
 .text.vPortFree
                0x0800bcb8       0xc8 ./Middlewares/Third_Party/FreeRTOS/Source/portable/MemMang/heap_4.o
                0x0800bcb8                vPortFree
 .text.prvHeapInit
                0x0800bd80       0xc4 ./Middlewares/Third_Party/FreeRTOS/Source/portable/MemMang/heap_4.o
 .text.prvInsertBlockIntoFreeList
                0x0800be44       0xb4 ./Middlewares/Third_Party/FreeRTOS/Source/portable/MemMang/heap_4.o
 .text.MX_USB_DEVICE_Init
                0x0800bef8       0x60 ./USB_DEVICE/App/usb_device.o
                0x0800bef8                MX_USB_DEVICE_Init
 .text.CDC_Init_FS
                0x0800bf58       0x28 ./USB_DEVICE/App/usbd_cdc_if.o
 .text.CDC_DeInit_FS
                0x0800bf80       0x10 ./USB_DEVICE/App/usbd_cdc_if.o
 .text.CDC_Control_FS
                0x0800bf90       0xbc ./USB_DEVICE/App/usbd_cdc_if.o
 .text.CDC_Receive_FS
                0x0800c04c       0x28 ./USB_DEVICE/App/usbd_cdc_if.o
 .text.CDC_TransmitCplt_FS
                0x0800c074       0x22 ./USB_DEVICE/App/usbd_cdc_if.o
 *fill*         0x0800c096        0x2 
 .text.USBD_FS_DeviceDescriptor
                0x0800c098       0x24 ./USB_DEVICE/App/usbd_desc.o
                0x0800c098                USBD_FS_DeviceDescriptor
 .text.USBD_FS_LangIDStrDescriptor
                0x0800c0bc       0x24 ./USB_DEVICE/App/usbd_desc.o
                0x0800c0bc                USBD_FS_LangIDStrDescriptor
 .text.USBD_FS_ProductStrDescriptor
                0x0800c0e0       0x3c ./USB_DEVICE/App/usbd_desc.o
                0x0800c0e0                USBD_FS_ProductStrDescriptor
 .text.USBD_FS_ManufacturerStrDescriptor
                0x0800c11c       0x28 ./USB_DEVICE/App/usbd_desc.o
                0x0800c11c                USBD_FS_ManufacturerStrDescriptor
 .text.USBD_FS_SerialStrDescriptor
                0x0800c144       0x24 ./USB_DEVICE/App/usbd_desc.o
                0x0800c144                USBD_FS_SerialStrDescriptor
 .text.USBD_FS_ConfigStrDescriptor
                0x0800c168       0x3c ./USB_DEVICE/App/usbd_desc.o
                0x0800c168                USBD_FS_ConfigStrDescriptor
 .text.USBD_FS_InterfaceStrDescriptor
                0x0800c1a4       0x3c ./USB_DEVICE/App/usbd_desc.o
                0x0800c1a4                USBD_FS_InterfaceStrDescriptor
 .text.Get_SerialNum
                0x0800c1e0       0x58 ./USB_DEVICE/App/usbd_desc.o
 .text.IntToUnicode
                0x0800c238       0x7e ./USB_DEVICE/App/usbd_desc.o
 *fill*         0x0800c2b6        0x2 
 .text.HAL_PCD_MspInit
                0x0800c2b8       0xa8 ./USB_DEVICE/Target/usbd_conf.o
                0x0800c2b8                HAL_PCD_MspInit
 .text.HAL_PCD_SetupStageCallback
                0x0800c360       0x24 ./USB_DEVICE/Target/usbd_conf.o
                0x0800c360                HAL_PCD_SetupStageCallback
 .text.HAL_PCD_DataOutStageCallback
                0x0800c384       0x36 ./USB_DEVICE/Target/usbd_conf.o
                0x0800c384                HAL_PCD_DataOutStageCallback
 .text.HAL_PCD_DataInStageCallback
                0x0800c3ba       0x34 ./USB_DEVICE/Target/usbd_conf.o
                0x0800c3ba                HAL_PCD_DataInStageCallback
 .text.HAL_PCD_SOFCallback
                0x0800c3ee       0x1c ./USB_DEVICE/Target/usbd_conf.o
                0x0800c3ee                HAL_PCD_SOFCallback
 .text.HAL_PCD_ResetCallback
                0x0800c40a       0x3c ./USB_DEVICE/Target/usbd_conf.o
                0x0800c40a                HAL_PCD_ResetCallback
 *fill*         0x0800c446        0x2 
 .text.HAL_PCD_SuspendCallback
                0x0800c448       0x4c ./USB_DEVICE/Target/usbd_conf.o
                0x0800c448                HAL_PCD_SuspendCallback
 .text.HAL_PCD_ResumeCallback
                0x0800c494       0x1c ./USB_DEVICE/Target/usbd_conf.o
                0x0800c494                HAL_PCD_ResumeCallback
 .text.HAL_PCD_ISOOUTIncompleteCallback
                0x0800c4b0       0x24 ./USB_DEVICE/Target/usbd_conf.o
                0x0800c4b0                HAL_PCD_ISOOUTIncompleteCallback
 .text.HAL_PCD_ISOINIncompleteCallback
                0x0800c4d4       0x24 ./USB_DEVICE/Target/usbd_conf.o
                0x0800c4d4                HAL_PCD_ISOINIncompleteCallback
 .text.HAL_PCD_ConnectCallback
                0x0800c4f8       0x1c ./USB_DEVICE/Target/usbd_conf.o
                0x0800c4f8                HAL_PCD_ConnectCallback
 .text.HAL_PCD_DisconnectCallback
                0x0800c514       0x1c ./USB_DEVICE/Target/usbd_conf.o
                0x0800c514                HAL_PCD_DisconnectCallback
 .text.USBD_LL_Init
                0x0800c530       0x98 ./USB_DEVICE/Target/usbd_conf.o
                0x0800c530                USBD_LL_Init
 .text.USBD_LL_Start
                0x0800c5c8       0x36 ./USB_DEVICE/Target/usbd_conf.o
                0x0800c5c8                USBD_LL_Start
 .text.USBD_LL_OpenEP
                0x0800c5fe       0x4c ./USB_DEVICE/Target/usbd_conf.o
                0x0800c5fe                USBD_LL_OpenEP
 .text.USBD_LL_CloseEP
                0x0800c64a       0x3e ./USB_DEVICE/Target/usbd_conf.o
                0x0800c64a                USBD_LL_CloseEP
 .text.USBD_LL_StallEP
                0x0800c688       0x3e ./USB_DEVICE/Target/usbd_conf.o
                0x0800c688                USBD_LL_StallEP
 .text.USBD_LL_ClearStallEP
                0x0800c6c6       0x3e ./USB_DEVICE/Target/usbd_conf.o
                0x0800c6c6                USBD_LL_ClearStallEP
 .text.USBD_LL_IsStallEP
                0x0800c704       0x58 ./USB_DEVICE/Target/usbd_conf.o
                0x0800c704                USBD_LL_IsStallEP
 .text.USBD_LL_SetUSBAddress
                0x0800c75c       0x3e ./USB_DEVICE/Target/usbd_conf.o
                0x0800c75c                USBD_LL_SetUSBAddress
 .text.USBD_LL_Transmit
                0x0800c79a       0x42 ./USB_DEVICE/Target/usbd_conf.o
                0x0800c79a                USBD_LL_Transmit
 .text.USBD_LL_PrepareReceive
                0x0800c7dc       0x42 ./USB_DEVICE/Target/usbd_conf.o
                0x0800c7dc                USBD_LL_PrepareReceive
 .text.USBD_LL_GetRxDataSize
                0x0800c81e       0x26 ./USB_DEVICE/Target/usbd_conf.o
                0x0800c81e                USBD_LL_GetRxDataSize
 .text.USBD_static_malloc
                0x0800c844       0x1c ./USB_DEVICE/Target/usbd_conf.o
                0x0800c844                USBD_static_malloc
 .text.USBD_static_free
                0x0800c860       0x14 ./USB_DEVICE/Target/usbd_conf.o
                0x0800c860                USBD_static_free
 .text.USBD_Get_USB_Status
                0x0800c874       0x58 ./USB_DEVICE/Target/usbd_conf.o
                0x0800c874                USBD_Get_USB_Status
 .text.sprintf  0x0800c8cc       0x40 C:/ST/STM32CubeIDE_1.16.0/STM32CubeIDE/plugins/com.st.stm32cube.ide.mcu.externaltools.gnu-tools-for-stm32.12.3.rel1.win32_1.0.200.202406191623/tools/bin/../lib/gcc/arm-none-eabi/12.3.1/../../../../arm-none-eabi/lib/thumb/v7e-m+fp/hard\libc_nano.a(libc_a-sprintf.o)
                0x0800c8cc                siprintf
                0x0800c8cc                sprintf
 .text.memset   0x0800c90c       0x10 C:/ST/STM32CubeIDE_1.16.0/STM32CubeIDE/plugins/com.st.stm32cube.ide.mcu.externaltools.gnu-tools-for-stm32.12.3.rel1.win32_1.0.200.202406191623/tools/bin/../lib/gcc/arm-none-eabi/12.3.1/../../../../arm-none-eabi/lib/thumb/v7e-m+fp/hard\libc_nano.a(libc_a-memset.o)
                0x0800c90c                memset
 .text._reclaim_reent
                0x0800c91c       0xac C:/ST/STM32CubeIDE_1.16.0/STM32CubeIDE/plugins/com.st.stm32cube.ide.mcu.externaltools.gnu-tools-for-stm32.12.3.rel1.win32_1.0.200.202406191623/tools/bin/../lib/gcc/arm-none-eabi/12.3.1/../../../../arm-none-eabi/lib/thumb/v7e-m+fp/hard\libc_nano.a(libc_a-reent.o)
                0x0800c91c                _reclaim_reent
 .text.__errno  0x0800c9c8        0xc C:/ST/STM32CubeIDE_1.16.0/STM32CubeIDE/plugins/com.st.stm32cube.ide.mcu.externaltools.gnu-tools-for-stm32.12.3.rel1.win32_1.0.200.202406191623/tools/bin/../lib/gcc/arm-none-eabi/12.3.1/../../../../arm-none-eabi/lib/thumb/v7e-m+fp/hard\libc_nano.a(libc_a-errno.o)
                0x0800c9c8                __errno
 .text.__libc_init_array
                0x0800c9d4       0x48 C:/ST/STM32CubeIDE_1.16.0/STM32CubeIDE/plugins/com.st.stm32cube.ide.mcu.externaltools.gnu-tools-for-stm32.12.3.rel1.win32_1.0.200.202406191623/tools/bin/../lib/gcc/arm-none-eabi/12.3.1/../../../../arm-none-eabi/lib/thumb/v7e-m+fp/hard\libc_nano.a(libc_a-init.o)
                0x0800c9d4                __libc_init_array
 .text.__retarget_lock_acquire_recursive
                0x0800ca1c        0x2 C:/ST/STM32CubeIDE_1.16.0/STM32CubeIDE/plugins/com.st.stm32cube.ide.mcu.externaltools.gnu-tools-for-stm32.12.3.rel1.win32_1.0.200.202406191623/tools/bin/../lib/gcc/arm-none-eabi/12.3.1/../../../../arm-none-eabi/lib/thumb/v7e-m+fp/hard\libc_nano.a(libc_a-lock.o)
                0x0800ca1c                __retarget_lock_acquire_recursive
 .text.__retarget_lock_release_recursive
                0x0800ca1e        0x2 C:/ST/STM32CubeIDE_1.16.0/STM32CubeIDE/plugins/com.st.stm32cube.ide.mcu.externaltools.gnu-tools-for-stm32.12.3.rel1.win32_1.0.200.202406191623/tools/bin/../lib/gcc/arm-none-eabi/12.3.1/../../../../arm-none-eabi/lib/thumb/v7e-m+fp/hard\libc_nano.a(libc_a-lock.o)
                0x0800ca1e                __retarget_lock_release_recursive
 .text.memcpy   0x0800ca20       0x1c C:/ST/STM32CubeIDE_1.16.0/STM32CubeIDE/plugins/com.st.stm32cube.ide.mcu.externaltools.gnu-tools-for-stm32.12.3.rel1.win32_1.0.200.202406191623/tools/bin/../lib/gcc/arm-none-eabi/12.3.1/../../../../arm-none-eabi/lib/thumb/v7e-m+fp/hard\libc_nano.a(libc_a-memcpy-stub.o)
                0x0800ca20                memcpy
 .text._free_r  0x0800ca3c       0x94 C:/ST/STM32CubeIDE_1.16.0/STM32CubeIDE/plugins/com.st.stm32cube.ide.mcu.externaltools.gnu-tools-for-stm32.12.3.rel1.win32_1.0.200.202406191623/tools/bin/../lib/gcc/arm-none-eabi/12.3.1/../../../../arm-none-eabi/lib/thumb/v7e-m+fp/hard\libc_nano.a(libc_a-freer.o)
                0x0800ca3c                _free_r
 .text.sbrk_aligned
                0x0800cad0       0x44 C:/ST/STM32CubeIDE_1.16.0/STM32CubeIDE/plugins/com.st.stm32cube.ide.mcu.externaltools.gnu-tools-for-stm32.12.3.rel1.win32_1.0.200.202406191623/tools/bin/../lib/gcc/arm-none-eabi/12.3.1/../../../../arm-none-eabi/lib/thumb/v7e-m+fp/hard\libc_nano.a(libc_a-mallocr.o)
 .text._malloc_r
                0x0800cb14      0x100 C:/ST/STM32CubeIDE_1.16.0/STM32CubeIDE/plugins/com.st.stm32cube.ide.mcu.externaltools.gnu-tools-for-stm32.12.3.rel1.win32_1.0.200.202406191623/tools/bin/../lib/gcc/arm-none-eabi/12.3.1/../../../../arm-none-eabi/lib/thumb/v7e-m+fp/hard\libc_nano.a(libc_a-mallocr.o)
                0x0800cb14                _malloc_r
 .text.__malloc_lock
                0x0800cc14        0xc C:/ST/STM32CubeIDE_1.16.0/STM32CubeIDE/plugins/com.st.stm32cube.ide.mcu.externaltools.gnu-tools-for-stm32.12.3.rel1.win32_1.0.200.202406191623/tools/bin/../lib/gcc/arm-none-eabi/12.3.1/../../../../arm-none-eabi/lib/thumb/v7e-m+fp/hard\libc_nano.a(libc_a-mlock.o)
                0x0800cc14                __malloc_lock
 .text.__malloc_unlock
                0x0800cc20        0xc C:/ST/STM32CubeIDE_1.16.0/STM32CubeIDE/plugins/com.st.stm32cube.ide.mcu.externaltools.gnu-tools-for-stm32.12.3.rel1.win32_1.0.200.202406191623/tools/bin/../lib/gcc/arm-none-eabi/12.3.1/../../../../arm-none-eabi/lib/thumb/v7e-m+fp/hard\libc_nano.a(libc_a-mlock.o)
                0x0800cc20                __malloc_unlock
 .text.__ssputs_r
                0x0800cc2c       0xb6 C:/ST/STM32CubeIDE_1.16.0/STM32CubeIDE/plugins/com.st.stm32cube.ide.mcu.externaltools.gnu-tools-for-stm32.12.3.rel1.win32_1.0.200.202406191623/tools/bin/../lib/gcc/arm-none-eabi/12.3.1/../../../../arm-none-eabi/lib/thumb/v7e-m+fp/hard\libc_nano.a(libc_a-nano-svfprintf.o)
                0x0800cc2c                __ssputs_r
 *fill*         0x0800cce2        0x2 
 .text._svfprintf_r
                0x0800cce4      0x1f8 C:/ST/STM32CubeIDE_1.16.0/STM32CubeIDE/plugins/com.st.stm32cube.ide.mcu.externaltools.gnu-tools-for-stm32.12.3.rel1.win32_1.0.200.202406191623/tools/bin/../lib/gcc/arm-none-eabi/12.3.1/../../../../arm-none-eabi/lib/thumb/v7e-m+fp/hard\libc_nano.a(libc_a-nano-svfprintf.o)
                0x0800cce4                _svfiprintf_r
                0x0800cce4                _svfprintf_r
 .text._printf_common
                0x0800cedc       0xda C:/ST/STM32CubeIDE_1.16.0/STM32CubeIDE/plugins/com.st.stm32cube.ide.mcu.externaltools.gnu-tools-for-stm32.12.3.rel1.win32_1.0.200.202406191623/tools/bin/../lib/gcc/arm-none-eabi/12.3.1/../../../../arm-none-eabi/lib/thumb/v7e-m+fp/hard\libc_nano.a(libc_a-nano-vfprintf_i.o)
                0x0800cedc                _printf_common
 *fill*         0x0800cfb6        0x2 
 .text._printf_i
                0x0800cfb8      0x240 C:/ST/STM32CubeIDE_1.16.0/STM32CubeIDE/plugins/com.st.stm32cube.ide.mcu.externaltools.gnu-tools-for-stm32.12.3.rel1.win32_1.0.200.202406191623/tools/bin/../lib/gcc/arm-none-eabi/12.3.1/../../../../arm-none-eabi/lib/thumb/v7e-m+fp/hard\libc_nano.a(libc_a-nano-vfprintf_i.o)
                0x0800cfb8                _printf_i
 .text.memmove  0x0800d1f8       0x34 C:/ST/STM32CubeIDE_1.16.0/STM32CubeIDE/plugins/com.st.stm32cube.ide.mcu.externaltools.gnu-tools-for-stm32.12.3.rel1.win32_1.0.200.202406191623/tools/bin/../lib/gcc/arm-none-eabi/12.3.1/../../../../arm-none-eabi/lib/thumb/v7e-m+fp/hard\libc_nano.a(libc_a-memmove.o)
                0x0800d1f8                memmove
 .text._sbrk_r  0x0800d22c       0x20 C:/ST/STM32CubeIDE_1.16.0/STM32CubeIDE/plugins/com.st.stm32cube.ide.mcu.externaltools.gnu-tools-for-stm32.12.3.rel1.win32_1.0.200.202406191623/tools/bin/../lib/gcc/arm-none-eabi/12.3.1/../../../../arm-none-eabi/lib/thumb/v7e-m+fp/hard\libc_nano.a(libc_a-sbrkr.o)
                0x0800d22c                _sbrk_r
 .text._realloc_r
                0x0800d24c       0x5c C:/ST/STM32CubeIDE_1.16.0/STM32CubeIDE/plugins/com.st.stm32cube.ide.mcu.externaltools.gnu-tools-for-stm32.12.3.rel1.win32_1.0.200.202406191623/tools/bin/../lib/gcc/arm-none-eabi/12.3.1/../../../../arm-none-eabi/lib/thumb/v7e-m+fp/hard\libc_nano.a(libc_a-reallocr.o)
                0x0800d24c                _realloc_r
 .text._malloc_usable_size_r
                0x0800d2a8       0x10 C:/ST/STM32CubeIDE_1.16.0/STM32CubeIDE/plugins/com.st.stm32cube.ide.mcu.externaltools.gnu-tools-for-stm32.12.3.rel1.win32_1.0.200.202406191623/tools/bin/../lib/gcc/arm-none-eabi/12.3.1/../../../../arm-none-eabi/lib/thumb/v7e-m+fp/hard\libc_nano.a(libc_a-msizer.o)
                0x0800d2a8                _malloc_usable_size_r
 *(.glue_7)
 .glue_7        0x0800d2b8        0x0 linker stubs
 *(.glue_7t)
 .glue_7t       0x0800d2b8        0x0 linker stubs
 *(.eh_frame)
 .eh_frame      0x0800d2b8        0x0 C:/ST/STM32CubeIDE_1.16.0/STM32CubeIDE/plugins/com.st.stm32cube.ide.mcu.externaltools.gnu-tools-for-stm32.12.3.rel1.win32_1.0.200.202406191623/tools/bin/../lib/gcc/arm-none-eabi/12.3.1/thumb/v7e-m+fp/hard/crtbegin.o
 *(.init)
 .init          0x0800d2b8        0x4 C:/ST/STM32CubeIDE_1.16.0/STM32CubeIDE/plugins/com.st.stm32cube.ide.mcu.externaltools.gnu-tools-for-stm32.12.3.rel1.win32_1.0.200.202406191623/tools/bin/../lib/gcc/arm-none-eabi/12.3.1/thumb/v7e-m+fp/hard/crti.o
                0x0800d2b8                _init
 .init          0x0800d2bc        0x8 C:/ST/STM32CubeIDE_1.16.0/STM32CubeIDE/plugins/com.st.stm32cube.ide.mcu.externaltools.gnu-tools-for-stm32.12.3.rel1.win32_1.0.200.202406191623/tools/bin/../lib/gcc/arm-none-eabi/12.3.1/thumb/v7e-m+fp/hard/crtn.o
 *(.fini)
 .fini          0x0800d2c4        0x4 C:/ST/STM32CubeIDE_1.16.0/STM32CubeIDE/plugins/com.st.stm32cube.ide.mcu.externaltools.gnu-tools-for-stm32.12.3.rel1.win32_1.0.200.202406191623/tools/bin/../lib/gcc/arm-none-eabi/12.3.1/thumb/v7e-m+fp/hard/crti.o
                0x0800d2c4                _fini
 .fini          0x0800d2c8        0x8 C:/ST/STM32CubeIDE_1.16.0/STM32CubeIDE/plugins/com.st.stm32cube.ide.mcu.externaltools.gnu-tools-for-stm32.12.3.rel1.win32_1.0.200.202406191623/tools/bin/../lib/gcc/arm-none-eabi/12.3.1/thumb/v7e-m+fp/hard/crtn.o
                0x0800d2d0                        . = ALIGN (0x4)
                0x0800d2d0                        _etext = .

.vfp11_veneer   0x0800d2d0        0x0
 .vfp11_veneer  0x0800d2d0        0x0 linker stubs

.v4_bx          0x0800d2d0        0x0
 .v4_bx         0x0800d2d0        0x0 linker stubs

.iplt           0x0800d2d0        0x0
 .iplt          0x0800d2d0        0x0 C:/ST/STM32CubeIDE_1.16.0/STM32CubeIDE/plugins/com.st.stm32cube.ide.mcu.externaltools.gnu-tools-for-stm32.12.3.rel1.win32_1.0.200.202406191623/tools/bin/../lib/gcc/arm-none-eabi/12.3.1/thumb/v7e-m+fp/hard/crtbegin.o

.rodata         0x0800d2d0      0x17c
                0x0800d2d0                        . = ALIGN (0x4)
 *(.rodata)
 .rodata        0x0800d2d0       0x4d ./Core/Src/main.o
 *fill*         0x0800d31d        0x3 
 .rodata        0x0800d320        0x5 ./Middlewares/Third_Party/FreeRTOS/Source/tasks.o
 *fill*         0x0800d325        0x3 
 .rodata        0x0800d328        0xd ./Middlewares/Third_Party/FreeRTOS/Source/timers.o
 *fill*         0x0800d335        0x3 
 .rodata        0x0800d338       0x46 ./USB_DEVICE/App/usbd_desc.o
 *(.rodata*)
 *fill*         0x0800d37e        0x2 
 .rodata.defaultTask_attributes
                0x0800d380       0x24 ./Core/Src/main.o
                0x0800d380                defaultTask_attributes
 .rodata.screenTask_attributes
                0x0800d3a4       0x24 ./Core/Src/main.o
                0x0800d3a4                screenTask_attributes
 .rodata.screenQueue_attributes
                0x0800d3c8       0x18 ./Core/Src/main.o
                0x0800d3c8                screenQueue_attributes
 .rodata.screenMutex_attributes
                0x0800d3e0       0x10 ./Core/Src/main.o
                0x0800d3e0                screenMutex_attributes
 .rodata.TasksInit_attributes
                0x0800d3f0       0x10 ./Core/Src/main.o
                0x0800d3f0                TasksInit_attributes
 .rodata.AHBPrescTable
                0x0800d400       0x10 ./Core/Src/system_stm32f4xx.o
                0x0800d400                AHBPrescTable
 .rodata.APBPrescTable
                0x0800d410        0x8 ./Core/Src/system_stm32f4xx.o
                0x0800d410                APBPrescTable
 .rodata._svfprintf_r.str1.1
                0x0800d418       0x11 C:/ST/STM32CubeIDE_1.16.0/STM32CubeIDE/plugins/com.st.stm32cube.ide.mcu.externaltools.gnu-tools-for-stm32.12.3.rel1.win32_1.0.200.202406191623/tools/bin/../lib/gcc/arm-none-eabi/12.3.1/../../../../arm-none-eabi/lib/thumb/v7e-m+fp/hard\libc_nano.a(libc_a-nano-svfprintf.o)
 .rodata._printf_i.str1.1
                0x0800d429       0x22 C:/ST/STM32CubeIDE_1.16.0/STM32CubeIDE/plugins/com.st.stm32cube.ide.mcu.externaltools.gnu-tools-for-stm32.12.3.rel1.win32_1.0.200.202406191623/tools/bin/../lib/gcc/arm-none-eabi/12.3.1/../../../../arm-none-eabi/lib/thumb/v7e-m+fp/hard\libc_nano.a(libc_a-nano-vfprintf_i.o)
                0x0800d44c                        . = ALIGN (0x4)
 *fill*         0x0800d44b        0x1 

.ARM.extab      0x0800d44c        0x0
                0x0800d44c                        . = ALIGN (0x4)
 *(.ARM.extab* .gnu.linkonce.armextab.*)
                0x0800d44c                        . = ALIGN (0x4)

.ARM            0x0800d44c        0x8
                0x0800d44c                        . = ALIGN (0x4)
                0x0800d44c                        __exidx_start = .
 *(.ARM.exidx*)
 .ARM.exidx     0x0800d44c        0x8 C:/ST/STM32CubeIDE_1.16.0/STM32CubeIDE/plugins/com.st.stm32cube.ide.mcu.externaltools.gnu-tools-for-stm32.12.3.rel1.win32_1.0.200.202406191623/tools/bin/../lib/gcc/arm-none-eabi/12.3.1/../../../../arm-none-eabi/lib/thumb/v7e-m+fp/hard\libc_nano.a(libc_a-memchr.o)
 .ARM.exidx     0x0800d454        0x0 C:/ST/STM32CubeIDE_1.16.0/STM32CubeIDE/plugins/com.st.stm32cube.ide.mcu.externaltools.gnu-tools-for-stm32.12.3.rel1.win32_1.0.200.202406191623/tools/bin/../lib/gcc/arm-none-eabi/12.3.1/thumb/v7e-m+fp/hard\libgcc.a(_udivmoddi4.o)
                                  0x8 (size before relaxing)
                0x0800d454                        __exidx_end = .
                0x0800d454                        . = ALIGN (0x4)

.preinit_array  0x0800d454        0x0
                0x0800d454                        . = ALIGN (0x4)
                0x0800d454                        PROVIDE (__preinit_array_start = .)
 *(.preinit_array*)
                0x0800d454                        PROVIDE (__preinit_array_end = .)
                0x0800d454                        . = ALIGN (0x4)

.init_array     0x0800d454        0x4
                0x0800d454                        . = ALIGN (0x4)
                0x0800d454                        PROVIDE (__init_array_start = .)
 *(SORT_BY_NAME(.init_array.*))
 *(.init_array*)
 .init_array    0x0800d454        0x4 C:/ST/STM32CubeIDE_1.16.0/STM32CubeIDE/plugins/com.st.stm32cube.ide.mcu.externaltools.gnu-tools-for-stm32.12.3.rel1.win32_1.0.200.202406191623/tools/bin/../lib/gcc/arm-none-eabi/12.3.1/thumb/v7e-m+fp/hard/crtbegin.o
                0x0800d458                        PROVIDE (__init_array_end = .)
                0x0800d458                        . = ALIGN (0x4)

.fini_array     0x0800d458        0x4
                0x0800d458                        . = ALIGN (0x4)
                [!provide]                        PROVIDE (__fini_array_start = .)
 *(SORT_BY_NAME(.fini_array.*))
 *(.fini_array*)
 .fini_array    0x0800d458        0x4 C:/ST/STM32CubeIDE_1.16.0/STM32CubeIDE/plugins/com.st.stm32cube.ide.mcu.externaltools.gnu-tools-for-stm32.12.3.rel1.win32_1.0.200.202406191623/tools/bin/../lib/gcc/arm-none-eabi/12.3.1/thumb/v7e-m+fp/hard/crtbegin.o
                [!provide]                        PROVIDE (__fini_array_end = .)
                0x0800d45c                        . = ALIGN (0x4)
                0x0800d45c                        _sidata = LOADADDR (.data)

.rel.dyn        0x0800d45c        0x0
 .rel.iplt      0x0800d45c        0x0 C:/ST/STM32CubeIDE_1.16.0/STM32CubeIDE/plugins/com.st.stm32cube.ide.mcu.externaltools.gnu-tools-for-stm32.12.3.rel1.win32_1.0.200.202406191623/tools/bin/../lib/gcc/arm-none-eabi/12.3.1/thumb/v7e-m+fp/hard/crtbegin.o

.data           0x20000000      0x174 load address 0x0800d45c
                0x20000000                        . = ALIGN (0x4)
                0x20000000                        _sdata = .
 *(.data)
 *(.data*)
 .data.state.0  0x20000000        0x1 ./Core/Src/main.o
 *fill*         0x20000001        0x3 
 .data.SystemCoreClock
                0x20000004        0x4 ./Core/Src/system_stm32f4xx.o
                0x20000004                SystemCoreClock
 .data.l_cLcdData
                0x20000008       0x20 ./Core/Tasks/Screen/screen_task.o
 .data.uwTickPrio
                0x20000028        0x4 ./Drivers/STM32F4xx_HAL_Driver/Src/stm32f4xx_hal.o
                0x20000028                uwTickPrio
 .data.uwTickFreq
                0x2000002c        0x1 ./Drivers/STM32F4xx_HAL_Driver/Src/stm32f4xx_hal.o
                0x2000002c                uwTickFreq
 *fill*         0x2000002d        0x3 
 .data.USBD_CDC_DeviceQualifierDesc
                0x20000030        0xa ./Middlewares/ST/STM32_USB_Device_Library/Class/CDC/Src/usbd_cdc.o
 *fill*         0x2000003a        0x2 
 .data.USBD_CDC
                0x2000003c       0x38 ./Middlewares/ST/STM32_USB_Device_Library/Class/CDC/Src/usbd_cdc.o
                0x2000003c                USBD_CDC
 .data.USBD_CDC_CfgDesc
                0x20000074       0x43 ./Middlewares/ST/STM32_USB_Device_Library/Class/CDC/Src/usbd_cdc.o
 .data.CDCInEpAdd
                0x200000b7        0x1 ./Middlewares/ST/STM32_USB_Device_Library/Class/CDC/Src/usbd_cdc.o
 .data.CDCOutEpAdd
                0x200000b8        0x1 ./Middlewares/ST/STM32_USB_Device_Library/Class/CDC/Src/usbd_cdc.o
 .data.CDCCmdEpAdd
                0x200000b9        0x1 ./Middlewares/ST/STM32_USB_Device_Library/Class/CDC/Src/usbd_cdc.o
 *fill*         0x200000ba        0x2 
 .data.uxCriticalNesting
                0x200000bc        0x4 ./Middlewares/Third_Party/FreeRTOS/Source/portable/GCC/ARM_CM4F/port.o
 .data.USBD_Interface_fops_FS
                0x200000c0       0x14 ./USB_DEVICE/App/usbd_cdc_if.o
                0x200000c0                USBD_Interface_fops_FS
 .data.FS_Desc  0x200000d4       0x1c ./USB_DEVICE/App/usbd_desc.o
                0x200000d4                FS_Desc
 .data.USBD_FS_DeviceDesc
                0x200000f0       0x12 ./USB_DEVICE/App/usbd_desc.o
                0x200000f0                USBD_FS_DeviceDesc
 *fill*         0x20000102        0x2 
 .data.USBD_LangIDDesc
                0x20000104        0x4 ./USB_DEVICE/App/usbd_desc.o
                0x20000104                USBD_LangIDDesc
 .data.USBD_StringSerial
                0x20000108       0x1a ./USB_DEVICE/App/usbd_desc.o
                0x20000108                USBD_StringSerial
 *fill*         0x20000122        0x2 
 .data._impure_ptr
                0x20000124        0x4 C:/ST/STM32CubeIDE_1.16.0/STM32CubeIDE/plugins/com.st.stm32cube.ide.mcu.externaltools.gnu-tools-for-stm32.12.3.rel1.win32_1.0.200.202406191623/tools/bin/../lib/gcc/arm-none-eabi/12.3.1/../../../../arm-none-eabi/lib/thumb/v7e-m+fp/hard\libc_nano.a(libc_a-impure.o)
                0x20000124                _impure_ptr
 .data._impure_data
                0x20000128       0x4c C:/ST/STM32CubeIDE_1.16.0/STM32CubeIDE/plugins/com.st.stm32cube.ide.mcu.externaltools.gnu-tools-for-stm32.12.3.rel1.win32_1.0.200.202406191623/tools/bin/../lib/gcc/arm-none-eabi/12.3.1/../../../../arm-none-eabi/lib/thumb/v7e-m+fp/hard\libc_nano.a(libc_a-impure.o)
                0x20000128                _impure_data
 *(.RamFunc)
 *(.RamFunc*)
                0x20000174                        . = ALIGN (0x4)
                0x20000174                        _edata = .

.igot.plt       0x20000174        0x0 load address 0x0800d5d0
 .igot.plt      0x20000174        0x0 C:/ST/STM32CubeIDE_1.16.0/STM32CubeIDE/plugins/com.st.stm32cube.ide.mcu.externaltools.gnu-tools-for-stm32.12.3.rel1.win32_1.0.200.202406191623/tools/bin/../lib/gcc/arm-none-eabi/12.3.1/thumb/v7e-m+fp/hard/crtbegin.o
                0x20000174                        . = ALIGN (0x4)

.bss            0x20000174     0x684c load address 0x0800d5d0
                0x20000174                        _sbss = .
                0x20000174                        __bss_start__ = _sbss
 *(.bss)
 .bss           0x20000174       0x1c C:/ST/STM32CubeIDE_1.16.0/STM32CubeIDE/plugins/com.st.stm32cube.ide.mcu.externaltools.gnu-tools-for-stm32.12.3.rel1.win32_1.0.200.202406191623/tools/bin/../lib/gcc/arm-none-eabi/12.3.1/thumb/v7e-m+fp/hard/crtbegin.o
 *(.bss*)
 .bss.hi2c1     0x20000190       0x54 ./Core/Src/main.o
                0x20000190                hi2c1
 .bss.huart2    0x200001e4       0x48 ./Core/Src/main.o
                0x200001e4                huart2
 .bss.defaultTaskHandle
                0x2000022c        0x4 ./Core/Src/main.o
                0x2000022c                defaultTaskHandle
 .bss.screenTaskHandle
                0x20000230        0x4 ./Core/Src/main.o
                0x20000230                screenTaskHandle
 .bss.screenQueueHandle
                0x20000234        0x4 ./Core/Src/main.o
                0x20000234                screenQueueHandle
 .bss.screenMutexHandle
                0x20000238        0x4 ./Core/Src/main.o
                0x20000238                screenMutexHandle
 .bss.TasksInitHandle
                0x2000023c        0x4 ./Core/Src/main.o
                0x2000023c                TasksInitHandle
 .bss.htim11    0x20000240       0x48 ./Core/Src/stm32f4xx_hal_timebase_tim.o
                0x20000240                htim11
 .bss.__sbrk_heap_end
                0x20000288        0x4 ./Core/Src/sysmem.o
 .bss.l_psti2chandle
                0x2000028c        0x4 ./Core/Tasks/Screen/screen_task.o
 .bss.l_pvQueue
                0x20000290        0x4 ./Core/Tasks/Screen/screen_task.o
 .bss.l_pvMutex
                0x20000294        0x4 ./Core/Tasks/Screen/screen_task.o
 .bss.l_ulI2CErrorCounter
                0x20000298        0x4 ./Core/Tasks/Screen/screen_task.o
 .bss.l_ulQueueErrorCounter
                0x2000029c        0x4 ./Core/Tasks/Screen/screen_task.o
 .bss.l_ulMutexErrorCounter
                0x200002a0        0x4 ./Core/Tasks/Screen/screen_task.o
 .bss.l_ucInit  0x200002a4        0x1 ./Core/Tasks/Screen/screen_task.o
 *fill*         0x200002a5        0x3 
 .bss.uwTick    0x200002a8        0x4 ./Drivers/STM32F4xx_HAL_Driver/Src/stm32f4xx_hal.o
                0x200002a8                uwTick
 .bss.cfgidx.0  0x200002ac        0x1 ./Middlewares/ST/STM32_USB_Device_Library/Core/Src/usbd_ctlreq.o
 *fill*         0x200002ad        0x3 
 .bss.KernelState
                0x200002b0        0x4 ./Middlewares/Third_Party/FreeRTOS/Source/CMSIS_RTOS_V2/cmsis_os2.o
 .bss.Idle_TCB.3
                0x200002b4       0xa8 ./Middlewares/Third_Party/FreeRTOS/Source/CMSIS_RTOS_V2/cmsis_os2.o
 .bss.Idle_Stack.2
                0x2000035c      0x200 ./Middlewares/Third_Party/FreeRTOS/Source/CMSIS_RTOS_V2/cmsis_os2.o
 .bss.Timer_TCB.1
                0x2000055c       0xa8 ./Middlewares/Third_Party/FreeRTOS/Source/CMSIS_RTOS_V2/cmsis_os2.o
 .bss.Timer_Stack.0
                0x20000604      0x400 ./Middlewares/Third_Party/FreeRTOS/Source/CMSIS_RTOS_V2/cmsis_os2.o
 .bss.xQueueRegistry
                0x20000a04       0x40 ./Middlewares/Third_Party/FreeRTOS/Source/queue.o
                0x20000a04                xQueueRegistry
 .bss.pxCurrentTCB
                0x20000a44        0x4 ./Middlewares/Third_Party/FreeRTOS/Source/tasks.o
                0x20000a44                pxCurrentTCB
 .bss.pxReadyTasksLists
                0x20000a48      0x460 ./Middlewares/Third_Party/FreeRTOS/Source/tasks.o
 .bss.xDelayedTaskList1
                0x20000ea8       0x14 ./Middlewares/Third_Party/FreeRTOS/Source/tasks.o
 .bss.xDelayedTaskList2
                0x20000ebc       0x14 ./Middlewares/Third_Party/FreeRTOS/Source/tasks.o
 .bss.pxDelayedTaskList
                0x20000ed0        0x4 ./Middlewares/Third_Party/FreeRTOS/Source/tasks.o
 .bss.pxOverflowDelayedTaskList
                0x20000ed4        0x4 ./Middlewares/Third_Party/FreeRTOS/Source/tasks.o
 .bss.xPendingReadyList
                0x20000ed8       0x14 ./Middlewares/Third_Party/FreeRTOS/Source/tasks.o
 .bss.xTasksWaitingTermination
                0x20000eec       0x14 ./Middlewares/Third_Party/FreeRTOS/Source/tasks.o
 .bss.uxDeletedTasksWaitingCleanUp
                0x20000f00        0x4 ./Middlewares/Third_Party/FreeRTOS/Source/tasks.o
 .bss.xSuspendedTaskList
                0x20000f04       0x14 ./Middlewares/Third_Party/FreeRTOS/Source/tasks.o
 .bss.uxCurrentNumberOfTasks
                0x20000f18        0x4 ./Middlewares/Third_Party/FreeRTOS/Source/tasks.o
 .bss.xTickCount
                0x20000f1c        0x4 ./Middlewares/Third_Party/FreeRTOS/Source/tasks.o
 .bss.uxTopReadyPriority
                0x20000f20        0x4 ./Middlewares/Third_Party/FreeRTOS/Source/tasks.o
 .bss.xSchedulerRunning
                0x20000f24        0x4 ./Middlewares/Third_Party/FreeRTOS/Source/tasks.o
 .bss.xPendedTicks
                0x20000f28        0x4 ./Middlewares/Third_Party/FreeRTOS/Source/tasks.o
 .bss.xYieldPending
                0x20000f2c        0x4 ./Middlewares/Third_Party/FreeRTOS/Source/tasks.o
 .bss.xNumOfOverflows
                0x20000f30        0x4 ./Middlewares/Third_Party/FreeRTOS/Source/tasks.o
 .bss.uxTaskNumber
                0x20000f34        0x4 ./Middlewares/Third_Party/FreeRTOS/Source/tasks.o
 .bss.xNextTaskUnblockTime
                0x20000f38        0x4 ./Middlewares/Third_Party/FreeRTOS/Source/tasks.o
 .bss.xIdleTaskHandle
                0x20000f3c        0x4 ./Middlewares/Third_Party/FreeRTOS/Source/tasks.o
 .bss.uxSchedulerSuspended
                0x20000f40        0x4 ./Middlewares/Third_Party/FreeRTOS/Source/tasks.o
 .bss.xActiveTimerList1
                0x20000f44       0x14 ./Middlewares/Third_Party/FreeRTOS/Source/timers.o
 .bss.xActiveTimerList2
                0x20000f58       0x14 ./Middlewares/Third_Party/FreeRTOS/Source/timers.o
 .bss.pxCurrentTimerList
                0x20000f6c        0x4 ./Middlewares/Third_Party/FreeRTOS/Source/timers.o
 .bss.pxOverflowTimerList
                0x20000f70        0x4 ./Middlewares/Third_Party/FreeRTOS/Source/timers.o
 .bss.xTimerQueue
                0x20000f74        0x4 ./Middlewares/Third_Party/FreeRTOS/Source/timers.o
 .bss.xTimerTaskHandle
                0x20000f78        0x4 ./Middlewares/Third_Party/FreeRTOS/Source/timers.o
 .bss.xLastTime.2
                0x20000f7c        0x4 ./Middlewares/Third_Party/FreeRTOS/Source/timers.o
 .bss.ucStaticTimerQueueStorage.1
                0x20000f80       0xa0 ./Middlewares/Third_Party/FreeRTOS/Source/timers.o
 .bss.xStaticTimerQueue.0